Archive member included to satisfy reference by file (symbol)

/home/deepika/Tools_controller/gcc-arm-none-eabi-6-2017-q2-update/bin/../lib/gcc/arm-none-eabi/6.3.1/../../../../arm-none-eabi/lib/thumb/v7e-m/libm.a(lib_a-sf_round.o)
                              CMakeFiles/la9310.dir/nmm_app.c.obj (roundf)
/home/deepika/Tools_controller/gcc-arm-none-eabi-6-2017-q2-update/bin/../lib/gcc/arm-none-eabi/6.3.1/../../../../arm-none-eabi/lib/thumb/v7e-m/libm.a(lib_a-w_atan2.o)
                              CMakeFiles/la9310.dir/nmm_app.c.obj (atan2)
/home/deepika/Tools_controller/gcc-arm-none-eabi-6-2017-q2-update/bin/../lib/gcc/arm-none-eabi/6.3.1/../../../../arm-none-eabi/lib/thumb/v7e-m/libm.a(lib_a-e_atan2.o)
                              /home/deepika/Tools_controller/gcc-arm-none-eabi-6-2017-q2-update/bin/../lib/gcc/arm-none-eabi/6.3.1/../../../../arm-none-eabi/lib/thumb/v7e-m/libm.a(lib_a-w_atan2.o) (__ieee754_atan2)
/home/deepika/Tools_controller/gcc-arm-none-eabi-6-2017-q2-update/bin/../lib/gcc/arm-none-eabi/6.3.1/../../../../arm-none-eabi/lib/thumb/v7e-m/libm.a(lib_a-s_atan.o)
                              /home/deepika/Tools_controller/gcc-arm-none-eabi-6-2017-q2-update/bin/../lib/gcc/arm-none-eabi/6.3.1/../../../../arm-none-eabi/lib/thumb/v7e-m/libm.a(lib_a-e_atan2.o) (atan)
/home/deepika/Tools_controller/gcc-arm-none-eabi-6-2017-q2-update/bin/../lib/gcc/arm-none-eabi/6.3.1/../../../../arm-none-eabi/lib/thumb/v7e-m/libm.a(lib_a-s_fabs.o)
                              /home/deepika/Tools_controller/gcc-arm-none-eabi-6-2017-q2-update/bin/../lib/gcc/arm-none-eabi/6.3.1/../../../../arm-none-eabi/lib/thumb/v7e-m/libm.a(lib_a-e_atan2.o) (fabs)
/home/deepika/Tools_controller/gcc-arm-none-eabi-6-2017-q2-update/bin/../lib/gcc/arm-none-eabi/6.3.1/../../../../arm-none-eabi/lib/thumb/v7e-m/libc_nano.a(lib_a-errno.o)
                              CMakeFiles/la9310.dir/utils/command_from_shell.c.obj (__errno)
/home/deepika/Tools_controller/gcc-arm-none-eabi-6-2017-q2-update/bin/../lib/gcc/arm-none-eabi/6.3.1/../../../../arm-none-eabi/lib/thumb/v7e-m/libc_nano.a(lib_a-exit.o)
                              /home/deepika/Tools_controller/gcc-arm-none-eabi-6-2017-q2-update/bin/../lib/gcc/arm-none-eabi/6.3.1/../../../../arm-none-eabi/lib/thumb/v7e-m/crt0.o (exit)
/home/deepika/Tools_controller/gcc-arm-none-eabi-6-2017-q2-update/bin/../lib/gcc/arm-none-eabi/6.3.1/../../../../arm-none-eabi/lib/thumb/v7e-m/libc_nano.a(lib_a-impure.o)
                              /home/deepika/Tools_controller/gcc-arm-none-eabi-6-2017-q2-update/bin/../lib/gcc/arm-none-eabi/6.3.1/../../../../arm-none-eabi/lib/thumb/v7e-m/libc_nano.a(lib_a-exit.o) (_global_impure_ptr)
/home/deepika/Tools_controller/gcc-arm-none-eabi-6-2017-q2-update/bin/../lib/gcc/arm-none-eabi/6.3.1/../../../../arm-none-eabi/lib/thumb/v7e-m/libc_nano.a(lib_a-init.o)
                              /home/deepika/Tools_controller/gcc-arm-none-eabi-6-2017-q2-update/bin/../lib/gcc/arm-none-eabi/6.3.1/../../../../arm-none-eabi/lib/thumb/v7e-m/crt0.o (__libc_init_array)
/home/deepika/Tools_controller/gcc-arm-none-eabi-6-2017-q2-update/bin/../lib/gcc/arm-none-eabi/6.3.1/../../../../arm-none-eabi/lib/thumb/v7e-m/libc_nano.a(lib_a-memcmp.o)
                              CMakeFiles/la9310.dir/drivers/timesync/sync_timing_device.c.obj (memcmp)
/home/deepika/Tools_controller/gcc-arm-none-eabi-6-2017-q2-update/bin/../lib/gcc/arm-none-eabi/6.3.1/../../../../arm-none-eabi/lib/thumb/v7e-m/libc_nano.a(lib_a-memcpy-stub.o)
                              CMakeFiles/la9310.dir/home/deepika/21_sept_macro_changes/PS_NLM_5G_LAT/nlm_controller/Source/queue.c.obj (memcpy)
/home/deepika/Tools_controller/gcc-arm-none-eabi-6-2017-q2-update/bin/../lib/gcc/arm-none-eabi/6.3.1/../../../../arm-none-eabi/lib/thumb/v7e-m/libc_nano.a(lib_a-memset.o)
                              /home/deepika/Tools_controller/gcc-arm-none-eabi-6-2017-q2-update/bin/../lib/gcc/arm-none-eabi/6.3.1/../../../../arm-none-eabi/lib/thumb/v7e-m/crt0.o (memset)
/home/deepika/Tools_controller/gcc-arm-none-eabi-6-2017-q2-update/bin/../lib/gcc/arm-none-eabi/6.3.1/../../../../arm-none-eabi/lib/thumb/v7e-m/libc_nano.a(lib_a-sprintf.o)
                              CMakeFiles/la9310.dir/utils/command_from_shell.c.obj (sprintf)
/home/deepika/Tools_controller/gcc-arm-none-eabi-6-2017-q2-update/bin/../lib/gcc/arm-none-eabi/6.3.1/../../../../arm-none-eabi/lib/thumb/v7e-m/libc_nano.a(lib_a-strcmp.o)
                              CMakeFiles/la9310.dir/utils/la9310_nlm_test_command.c.obj (strcmp)
/home/deepika/Tools_controller/gcc-arm-none-eabi-6-2017-q2-update/bin/../lib/gcc/arm-none-eabi/6.3.1/../../../../arm-none-eabi/lib/thumb/v7e-m/libc_nano.a(lib_a-strcpy.o)
                              CMakeFiles/la9310.dir/utils/UARTCommandConsole.c.obj (strcpy)
/home/deepika/Tools_controller/gcc-arm-none-eabi-6-2017-q2-update/bin/../lib/gcc/arm-none-eabi/6.3.1/../../../../arm-none-eabi/lib/thumb/v7e-m/libc_nano.a(lib_a-strlen.o)
[...]
Memory Configuration

Name             Origin             Length             Attributes
m_startup        0x000000001f800000 0x0000000000000100 xr
m_interrupts     0x000000001f800100 0x0000000000000240 xr
m_text           0x000000001f800340 0x0000000000011a00 xr
m_data           0x000000001f811d40 0x000000000000a000 rw
m_dtcm           0x0000000020000000 0x0000000000010000 rw
*default*        0x0000000000000000 0xffffffffffffffff

Linker script and memory map

LOAD /home/deepika/Tools_controller/gcc-arm-none-eabi-6-2017-q2-update/bin/../lib/gcc/arm-none-eabi/6.3.1/thumb/v7e-m/crti.o
LOAD /home/deepika/Tools_controller/gcc-arm-none-eabi-6-2017-q2-update/bin/../lib/gcc/arm-none-eabi/6.3.1/thumb/v7e-m/crtbegin.o
LOAD /home/deepika/Tools_controller/gcc-arm-none-eabi-6-2017-q2-update/bin/../lib/gcc/arm-none-eabi/6.3.1/../../../../arm-none-eabi/lib/thumb/v7e-m/crt0.o
LOAD /home/deepika/Tools_controller/gcc-arm-none-eabi-6-2017-q2-update/bin/../lib/gcc/arm-none-eabi/6.3.1/../../../../arm-none-eabi/lib/thumb/v7e-m/libm.a
LOAD CMakeFiles/la9310.dir/home/deepika/21_sept_macro_changes/PS_NLM_5G_LAT/nlm_controller/Source/portable/GCC/ARM_CM4/port.c.obj
LOAD CMakeFiles/la9310.dir/home/deepika/21_sept_macro_changes/PS_NLM_5G_LAT/nlm_controller/Source/portable/MemMang/heap_2.c.obj
LOAD CMakeFiles/la9310.dir/home/deepika/21_sept_macro_changes/PS_NLM_5G_LAT/nlm_controller/Source/croutine.c.obj
LOAD CMakeFiles/la9310.dir/home/deepika/21_sept_macro_changes/PS_NLM_5G_LAT/nlm_controller/Source/event_groups.c.obj
LOAD CMakeFiles/la9310.dir/home/deepika/21_sept_macro_changes/PS_NLM_5G_LAT/nlm_controller/Source/list.c.obj
LOAD CMakeFiles/la9310.dir/home/deepika/21_sept_macro_changes/PS_NLM_5G_LAT/nlm_controller/Source/queue.c.obj
LOAD CMakeFiles/la9310.dir/home/deepika/21_sept_macro_changes/PS_NLM_5G_LAT/nlm_controller/Source/tasks.c.obj
LOAD CMakeFiles/la9310.dir/home/deepika/21_sept_macro_changes/PS_NLM_5G_LAT/nlm_controller/Source/timers.c.obj
LOAD CMakeFiles/la9310.dir/drivers/serial/debug_console.c.obj
LOAD CMakeFiles/la9310.dir/drivers/serial/print_scan.c.obj
LOAD CMakeFiles/la9310.dir/drivers/serial/serial_ns16550.c.obj
LOAD CMakeFiles/la9310.dir/drivers/serial/nmm_logging.c.obj
LOAD CMakeFiles/la9310.dir/drivers/edma/la9310_edma.c.obj
LOAD CMakeFiles/la9310.dir/drivers/misc/mem_log.c.obj
LOAD CMakeFiles/la9310.dir/drivers/watchdog/la9310_watchdog.c.obj
LOAD CMakeFiles/la9310.dir/platform/ARM_CM4/soc.c.obj
LOAD CMakeFiles/la9310.dir/platform/ARM_CM4/start.S.obj
LOAD CMakeFiles/la9310.dir/platform/boards/la9310/board.c.obj
LOAD CMakeFiles/la9310.dir/platform/ARM_CM4/exceptions.c.obj
LOAD CMakeFiles/la9310.dir/platform/boards/la9310/hardware_init.c.obj
LOAD CMakeFiles/la9310.dir/main.c.obj
LOAD CMakeFiles/la9310.dir/cmd_ctrl_vspa_intfce.c.obj
LOAD CMakeFiles/la9310.dir/nmm_avi.c.obj
LOAD CMakeFiles/la9310.dir/nmm_app.c.obj
LOAD CMakeFiles/la9310.dir/la9310_irq.c.obj
LOAD CMakeFiles/la9310.dir/la9310_v2h_test.c.obj
LOAD CMakeFiles/la9310.dir/drivers/misc/bbdev_ipc.c.obj
LOAD CMakeFiles/la9310.dir/drivers/avi/la9310_avi.c.obj
LOAD CMakeFiles/la9310.dir/drivers/misc/la9310_gpio.c.obj
LOAD CMakeFiles/la9310.dir/drivers/misc/la9310_pinmux.c.obj
LOAD CMakeFiles/la9310.dir/drivers/i2c/la9310_i2c.c.obj
LOAD CMakeFiles/la9310.dir/drivers/pcie/la9310_pcie.c.obj
LOAD CMakeFiles/la9310.dir/drivers/dspi/fsl_dspi.c.obj
LOAD CMakeFiles/la9310.dir/drivers/dspi/dspi_test.c.obj
LOAD CMakeFiles/la9310.dir/drivers/phy_timer/phytimer.c.obj
LOAD CMakeFiles/la9310.dir/drivers/timesync/sync_timing_device.c.obj
LOAD CMakeFiles/la9310.dir/sw_cmd_engine/sw_cmd_engine.c.obj
LOAD CMakeFiles/la9310.dir/utils/delay.c.obj
LOAD CMakeFiles/la9310.dir/drivers/dcs/la9310_dcs.c.obj
LOAD CMakeFiles/la9310.dir/utils/FreeRTOS-Plus-CLI-Source/FreeRTOS_CLI.c.obj
LOAD CMakeFiles/la9310.dir/utils/command_from_shell.c.obj
LOAD CMakeFiles/la9310.dir/utils/la9310_nlm_test_command.c.obj
LOAD CMakeFiles/la9310.dir/utils/UARTCommandConsole.c.obj
LOAD CMakeFiles/la9310.dir/drivers/timesync/sync_timing_device_cli.c.obj
LOAD CMakeFiles/la9310.dir/drivers/rfic/rfic_init.c.obj
LOAD CMakeFiles/la9310.dir/drivers/rfic/rfic_core.c.obj
LOAD CMakeFiles/la9310.dir/drivers/rfic/rfic_avi_ctrl.c.obj
LOAD CMakeFiles/la9310.dir/drivers/rfic/rfic_api.c.obj
LOAD CMakeFiles/la9310.dir/drivers/rfic/rfic_vga.c.obj
LOAD CMakeFiles/la9310.dir/drivers/rfic/rfic_synth.c.obj
LOAD CMakeFiles/la9310.dir/drivers/rfic/rfic_demod.c.obj
LOAD CMakeFiles/la9310.dir/drivers/rfic/rfic_cmd.c.obj
LOAD CMakeFiles/la9310.dir/drivers/rfic/rfic_dac.c.obj
START GROUP
LOAD /home/deepika/Tools_controller/gcc-arm-none-eabi-6-2017-q2-update/bin/../lib/gcc/arm-none-eabi/6.3.1/../../../../arm-none-eabi/lib/thumb/v7e-m/libm.a
LOAD /home/deepika/Tools_controller/gcc-arm-none-eabi-6-2017-q2-update/bin/../lib/gcc/arm-none-eabi/6.3.1/../../../../arm-none-eabi/lib/thumb/v7e-m/libc_nano.a
LOAD /home/deepika/Tools_controller/gcc-arm-none-eabi-6-2017-q2-update/bin/../lib/gcc/arm-none-eabi/6.3.1/thumb/v7e-m/libgcc.a
LOAD /home/deepika/Tools_controller/gcc-arm-none-eabi-6-2017-q2-update/bin/../lib/gcc/arm-none-eabi/6.3.1/../../../../arm-none-eabi/lib/thumb/v7e-m/libnosys.a
END GROUP
START GROUP
LOAD /home/deepika/Tools_controller/gcc-arm-none-eabi-6-2017-q2-update/bin/../lib/gcc/arm-none-eabi/6.3.1/thumb/v7e-m/libgcc.a
LOAD /home/deepika/Tools_controller/gcc-arm-none-eabi-6-2017-q2-update/bin/../lib/gcc/arm-none-eabi/6.3.1/../../../../arm-none-eabi/lib/thumb/v7e-m/libg_nano.a
LOAD /home/deepika/Tools_controller/gcc-arm-none-eabi-6-2017-q2-update/bin/../lib/gcc/arm-none-eabi/6.3.1/../../../../arm-none-eabi/lib/thumb/v7e-m/libc_nano.a
END GROUP
START GROUP
LOAD /home/deepika/Tools_controller/gcc-arm-none-eabi-6-2017-q2-update/bin/../lib/gcc/arm-none-eabi/6.3.1/thumb/v7e-m/libgcc.a
LOAD /home/deepika/Tools_controller/gcc-arm-none-eabi-6-2017-q2-update/bin/../lib/gcc/arm-none-eabi/6.3.1/../../../../arm-none-eabi/lib/thumb/v7e-m/libc_nano.a
END GROUP
LOAD /home/deepika/Tools_controller/gcc-arm-none-eabi-6-2017-q2-update/bin/../lib/gcc/arm-none-eabi/6.3.1/thumb/v7e-m/crtend.o
LOAD /home/deepika/Tools_controller/gcc-arm-none-eabi-6-2017-q2-update/bin/../lib/gcc/arm-none-eabi/6.3.1/thumb/v7e-m/crtn.o
                0x0000000000003000                STACK_SIZE = 0x3000
                0x0000000000000200                HEAP_SIZE = 0x200

.startup        0x000000001f800000       0x40
                0x000000001f800000                . = ALIGN (0x4)
 *(.start_up)
 .start_up      0x000000001f800000       0x40 CMakeFiles/la9310.dir/platform/ARM_CM4/start.S.obj
                0x000000001f800000                m4_startup
                0x000000001f800040                . = ALIGN (0x4)

.interrupts     0x000000001f800100      0x240
                0x000000001f800100                __VECTOR_TABLE = .
                0x000000001f800100                . = ALIGN (0x4)
 *(.isr_vector)
 .isr_vector    0x000000001f800100      0x240 CMakeFiles/la9310.dir/platform/ARM_CM4/start.S.obj
                0x000000001f800100                __isr_vector
                0x000000001f800340                . = ALIGN (0x4)

.text           0x000000001f800340     0xf734
                0x000000001f800340                . = ALIGN (0x4)
 *(.text)
 .text          0x000000001f800340       0x6c /home/deepika/Tools_controller/gcc-arm-none-eabi-6-2017-q2-update/bin/../lib/gcc/arm-none-eabi/6.3.1/thumb/v7e-m/crtbegin.o
 .text          0x000000001f8003ac       0x74 /home/deepika/Tools_controller/gcc-arm-none-eabi-6-2017-q2-update/bin/../lib/gcc/arm-none-eabi/6.3.1/../../../../arm-none-eabi/lib/thumb/v7e-m/crt0.o
                0x000000001f8003ac                _mainCRTStartup
                0x000000001f8003ac                _start
 .text          0x000000001f800420        0xc CMakeFiles/la9310.dir/platform/ARM_CM4/start.S.obj
                0x000000001f800420                Reset_Handler
                0x000000001f800428                DebugMon_Handler
                0x000000001f800428                NMI_Handler
                0x000000001f800428                UsageFault_Handler
                0x000000001f800428                DefaultISR
                0x000000001f800428                MemManage_Handler
                0x000000001f800428                BusFault_Handler
 .text          0x000000001f80042c       0x10 /home/deepika/Tools_controller/gcc-arm-none-eabi-6-2017-q2-update/bin/../lib/gcc/arm-none-eabi/6.3.1/../../../../arm-none-eabi/lib/thumb/v7e-m/libc_nano.a(lib_a-strlen.o)
                0x000000001f80042c                strlen
 *fill*         0x000000001f80043c        0x4 
 .text          0x000000001f800440       0xa0 /home/deepika/Tools_controller/gcc-arm-none-eabi-6-2017-q2-update/bin/../lib/gcc/arm-none-eabi/6.3.1/../../../../arm-none-eabi/lib/thumb/v7e-m/libc_nano.a(lib_a-memchr.o)
                0x000000001f800440                memchr
 .text          0x000000001f8004e0      0x370 /home/deepika/Tools_controller/gcc-arm-none-eabi-6-2017-q2-update/bin/../lib/gcc/arm-none-eabi/6.3.1/thumb/v7e-m/libgcc.a(_arm_addsubdf3.o)
                0x000000001f8004e0                __aeabi_drsub
                0x000000001f8004e8                __aeabi_dsub
                0x000000001f8004e8                __subdf3
                0x000000001f8004ec                __adddf3
                0x000000001f8004ec                __aeabi_dadd
                0x000000001f800764                __aeabi_ui2d
                0x000000001f800764                __floatunsidf
                0x000000001f800784                __floatsidf
                0x000000001f800784                __aeabi_i2d
                0x000000001f8007a8                __extendsfdf2
                0x000000001f8007a8                __aeabi_f2d
                0x000000001f8007e4                __aeabi_ul2d
                0x000000001f8007e4                __floatundidf
                0x000000001f8007f4                __floatdidf
                0x000000001f8007f4                __aeabi_l2d
 .text          0x000000001f800850      0x424 /home/deepika/Tools_controller/gcc-arm-none-eabi-6-2017-q2-update/bin/../lib/gcc/arm-none-eabi/6.3.1/thumb/v7e-m/libgcc.a(_arm_muldivdf3.o)
                0x000000001f800850                __aeabi_dmul
                0x000000001f800850                __muldf3
                0x000000001f800aa4                __aeabi_ddiv
                0x000000001f800aa4                __divdf3
 .text          0x000000001f800c74      0x110 /home/deepika/Tools_controller/gcc-arm-none-eabi-6-2017-q2-update/bin/../lib/gcc/arm-none-eabi/6.3.1/thumb/v7e-m/libgcc.a(_arm_cmpdf2.o)
                0x000000001f800c74                __gtdf2
                0x000000001f800c74                __gedf2
                0x000000001f800c7c                __ltdf2
                0x000000001f800c7c                __ledf2
                0x000000001f800c84                __cmpdf2
                0x000000001f800c84                __eqdf2
                0x000000001f800c84                __nedf2
                0x000000001f800d00                __aeabi_cdrcmple
                0x000000001f800d10                __aeabi_cdcmple
                0x000000001f800d10                __aeabi_cdcmpeq
                0x000000001f800d20                __aeabi_dcmpeq
                0x000000001f800d34                __aeabi_dcmplt
                0x000000001f800d48                __aeabi_dcmple
                0x000000001f800d5c                __aeabi_dcmpge
                0x000000001f800d70                __aeabi_dcmpgt
 .text          0x000000001f800d84       0x50 /home/deepika/Tools_controller/gcc-arm-none-eabi-6-2017-q2-update/bin/../lib/gcc/arm-none-eabi/6.3.1/thumb/v7e-m/libgcc.a(_arm_fixdfsi.o)
                0x000000001f800d84                __fixdfsi
                0x000000001f800d84                __aeabi_d2iz
 .text          0x000000001f800dd4       0xa0 /home/deepika/Tools_controller/gcc-arm-none-eabi-6-2017-q2-update/bin/../lib/gcc/arm-none-eabi/6.3.1/thumb/v7e-m/libgcc.a(_arm_truncdfsf2.o)
                0x000000001f800dd4                __aeabi_d2f
                0x000000001f800dd4                __truncdfsf2
 .text          0x000000001f800e74      0x21c /home/deepika/Tools_controller/gcc-arm-none-eabi-6-2017-q2-update/bin/../lib/gcc/arm-none-eabi/6.3.1/thumb/v7e-m/libgcc.a(_arm_addsubsf3.o)
                0x000000001f800e74                __aeabi_frsub
                0x000000001f800e7c                __subsf3
                0x000000001f800e7c                __aeabi_fsub
                0x000000001f800e80                __aeabi_fadd
                0x000000001f800e80                __addsf3
                0x000000001f800fe0                __aeabi_ui2f
                0x000000001f800fe0                __floatunsisf
                0x000000001f800fe8                __aeabi_i2f
                0x000000001f800fe8                __floatsisf
                0x000000001f801004                __floatundisf
                0x000000001f801004                __aeabi_ul2f
                0x000000001f801014                __floatdisf
                0x000000001f801014                __aeabi_l2f
 .text          0x000000001f801090      0x2a0 /home/deepika/Tools_controller/gcc-arm-none-eabi-6-2017-q2-update/bin/../lib/gcc/arm-none-eabi/6.3.1/thumb/v7e-m/libgcc.a(_arm_muldivsf3.o)
                0x000000001f801090                __mulsf3
                0x000000001f801090                __aeabi_fmul
                0x000000001f8011f8                __divsf3
                0x000000001f8011f8                __aeabi_fdiv
 .text          0x000000001f801330       0x4c /home/deepika/Tools_controller/gcc-arm-none-eabi-6-2017-q2-update/bin/../lib/gcc/arm-none-eabi/6.3.1/thumb/v7e-m/libgcc.a(_arm_fixsfsi.o)
                0x000000001f801330                __fixsfsi
                0x000000001f801330                __aeabi_f2iz
 *(.text*)
 .text.prvTaskExitError
                0x000000001f80137c       0x30 CMakeFiles/la9310.dir/home/deepika/21_sept_macro_changes/PS_NLM_5G_LAT/nlm_controller/Source/portable/GCC/ARM_CM4/port.c.obj
 .text.prvPortStartFirstTask
                0x000000001f8013ac       0x20 CMakeFiles/la9310.dir/home/deepika/21_sept_macro_changes/PS_NLM_5G_LAT/nlm_controller/Source/portable/GCC/ARM_CM4/port.c.obj
 .text.pxPortInitialiseStack
                0x000000001f8013cc       0x24 CMakeFiles/la9310.dir/home/deepika/21_sept_macro_changes/PS_NLM_5G_LAT/nlm_controller/Source/portable/GCC/ARM_CM4/port.c.obj
                0x000000001f8013cc                pxPortInitialiseStack
 .text.SVC_Handler
                0x000000001f8013f0       0x24 CMakeFiles/la9310.dir/home/deepika/21_sept_macro_changes/PS_NLM_5G_LAT/nlm_controller/Source/portable/GCC/ARM_CM4/port.c.obj
                0x000000001f8013f0                SVC_Handler
 .text.vPortEnterCritical
                0x000000001f801414       0x44 CMakeFiles/la9310.dir/home/deepika/21_sept_macro_changes/PS_NLM_5G_LAT/nlm_controller/Source/portable/GCC/ARM_CM4/port.c.obj
                0x000000001f801414                vPortEnterCritical
 .text.vPortExitCritical
                0x000000001f801458       0x28 CMakeFiles/la9310.dir/home/deepika/21_sept_macro_changes/PS_NLM_5G_LAT/nlm_controller/Source/portable/GCC/ARM_CM4/port.c.obj
                0x000000001f801458                vPortExitCritical
 .text.PendSV_Handler
                0x000000001f801480       0x54 CMakeFiles/la9310.dir/home/deepika/21_sept_macro_changes/PS_NLM_5G_LAT/nlm_controller/Source/portable/GCC/ARM_CM4/port.c.obj
                0x000000001f801480                PendSV_Handler
 .text.SysTick_Handler
                0x000000001f8014d4       0x2c CMakeFiles/la9310.dir/home/deepika/21_sept_macro_changes/PS_NLM_5G_LAT/nlm_controller/Source/portable/GCC/ARM_CM4/port.c.obj
                0x000000001f8014d4                SysTick_Handler
 .text.vPortSetupTimerInterrupt
                0x000000001f801500       0x18 CMakeFiles/la9310.dir/home/deepika/21_sept_macro_changes/PS_NLM_5G_LAT/nlm_controller/Source/portable/GCC/ARM_CM4/port.c.obj
                0x000000001f801500                vPortSetupTimerInterrupt
 .text.xPortStartScheduler
                0x000000001f801518       0x98 CMakeFiles/la9310.dir/home/deepika/21_sept_macro_changes/PS_NLM_5G_LAT/nlm_controller/Source/portable/GCC/ARM_CM4/port.c.obj
                0x000000001f801518                xPortStartScheduler
 .text.vPortValidateInterruptPriority
                0x000000001f8015b0       0x5c CMakeFiles/la9310.dir/home/deepika/21_sept_macro_changes/PS_NLM_5G_LAT/nlm_controller/Source/portable/GCC/ARM_CM4/port.c.obj
                0x000000001f8015b0                vPortValidateInterruptPriority
 .text.pvPortMalloc
                0x000000001f80160c       0xb8 CMakeFiles/la9310.dir/home/deepika/21_sept_macro_changes/PS_NLM_5G_LAT/nlm_controller/Source/portable/MemMang/heap_2.c.obj
                0x000000001f80160c                pvPortMalloc
 .text.vPortFree
                0x000000001f8016c4       0x44 CMakeFiles/la9310.dir/home/deepika/21_sept_macro_changes/PS_NLM_5G_LAT/nlm_controller/Source/portable/MemMang/heap_2.c.obj
                0x000000001f8016c4                vPortFree
 .text.xEventGroupCreate
                0x000000001f801708       0x1a CMakeFiles/la9310.dir/home/deepika/21_sept_macro_changes/PS_NLM_5G_LAT/nlm_controller/Source/event_groups.c.obj
                0x000000001f801708                xEventGroupCreate
 *fill*         0x000000001f801722        0x2 
 .text.xEventGroupWaitBits
                0x000000001f801724      0x114 CMakeFiles/la9310.dir/home/deepika/21_sept_macro_changes/PS_NLM_5G_LAT/nlm_controller/Source/event_groups.c.obj
                0x000000001f801724                xEventGroupWaitBits
 .text.xEventGroupSetBits
                0x000000001f801838       0x82 CMakeFiles/la9310.dir/home/deepika/21_sept_macro_changes/PS_NLM_5G_LAT/nlm_controller/Source/event_groups.c.obj
                0x000000001f801838                xEventGroupSetBits
 .text.vEventGroupSetBitsCallback
                0x000000001f8018ba        0x4 CMakeFiles/la9310.dir/home/deepika/21_sept_macro_changes/PS_NLM_5G_LAT/nlm_controller/Source/event_groups.c.obj
                0x000000001f8018ba                vEventGroupSetBitsCallback
 .text.vListInitialise
                0x000000001f8018be       0x16 CMakeFiles/la9310.dir/home/deepika/21_sept_macro_changes/PS_NLM_5G_LAT/nlm_controller/Source/list.c.obj
                0x000000001f8018be                vListInitialise
 .text.vListInitialiseItem
                0x000000001f8018d4        0x6 CMakeFiles/la9310.dir/home/deepika/21_sept_macro_changes/PS_NLM_5G_LAT/nlm_controller/Source/list.c.obj
                0x000000001f8018d4                vListInitialiseItem
 .text.vListInsertEnd
                0x000000001f8018da       0x18 CMakeFiles/la9310.dir/home/deepika/21_sept_macro_changes/PS_NLM_5G_LAT/nlm_controller/Source/list.c.obj
                0x000000001f8018da                vListInsertEnd
 .text.vListInsert
                0x000000001f8018f2       0x2e CMakeFiles/la9310.dir/home/deepika/21_sept_macro_changes/PS_NLM_5G_LAT/nlm_controller/Source/list.c.obj
                0x000000001f8018f2                vListInsert
 .text.uxListRemove
                0x000000001f801920       0x24 CMakeFiles/la9310.dir/home/deepika/21_sept_macro_changes/PS_NLM_5G_LAT/nlm_controller/Source/list.c.obj
                0x000000001f801920                uxListRemove
 .text.unlikely.prvCopyDataToQueue
                0x000000001f801944       0x66 CMakeFiles/la9310.dir/home/deepika/21_sept_macro_changes/PS_NLM_5G_LAT/nlm_controller/Source/queue.c.obj
 .text.unlikely.prvCopyDataFromQueue
                0x000000001f8019aa       0x26 CMakeFiles/la9310.dir/home/deepika/21_sept_macro_changes/PS_NLM_5G_LAT/nlm_controller/Source/queue.c.obj
 .text.xQueueGenericReset.part.1
                0x000000001f8019d0       0x12 CMakeFiles/la9310.dir/home/deepika/21_sept_macro_changes/PS_NLM_5G_LAT/nlm_controller/Source/queue.c.obj
 .text.prvNotifyQueueSetContainer
                0x000000001f8019e2       0x68 CMakeFiles/la9310.dir/home/deepika/21_sept_macro_changes/PS_NLM_5G_LAT/nlm_controller/Source/queue.c.obj
 .text.prvUnlockQueue
                0x000000001f801a4a       0x7e CMakeFiles/la9310.dir/home/deepika/21_sept_macro_changes/PS_NLM_5G_LAT/nlm_controller/Source/queue.c.obj
 .text.xQueueGenericReset
                0x000000001f801ac8       0x70 CMakeFiles/la9310.dir/home/deepika/21_sept_macro_changes/PS_NLM_5G_LAT/nlm_controller/Source/queue.c.obj
                0x000000001f801ac8                xQueueGenericReset
 .text.xQueueGenericCreate
                0x000000001f801b38       0x46 CMakeFiles/la9310.dir/home/deepika/21_sept_macro_changes/PS_NLM_5G_LAT/nlm_controller/Source/queue.c.obj
                0x000000001f801b38                xQueueGenericCreate
 *fill*         0x000000001f801b7e        0x2 
 .text.xQueueGenericSend
                0x000000001f801b80      0x180 CMakeFiles/la9310.dir/home/deepika/21_sept_macro_changes/PS_NLM_5G_LAT/nlm_controller/Source/queue.c.obj
                0x000000001f801b80                xQueueGenericSend
 .text.xQueueCreateMutex
                0x000000001f801d00       0x24 CMakeFiles/la9310.dir/home/deepika/21_sept_macro_changes/PS_NLM_5G_LAT/nlm_controller/Source/queue.c.obj
                0x000000001f801d00                xQueueCreateMutex
 .text.xQueueGenericSendFromISR
                0x000000001f801d24       0xd4 CMakeFiles/la9310.dir/home/deepika/21_sept_macro_changes/PS_NLM_5G_LAT/nlm_controller/Source/queue.c.obj
                0x000000001f801d24                xQueueGenericSendFromISR
 .text.xQueueGiveFromISR
                0x000000001f801df8       0xb8 CMakeFiles/la9310.dir/home/deepika/21_sept_macro_changes/PS_NLM_5G_LAT/nlm_controller/Source/queue.c.obj
                0x000000001f801df8                xQueueGiveFromISR
 .text.xQueueGenericReceive
                0x000000001f801eb0      0x188 CMakeFiles/la9310.dir/home/deepika/21_sept_macro_changes/PS_NLM_5G_LAT/nlm_controller/Source/queue.c.obj
                0x000000001f801eb0                xQueueGenericReceive
 .text.xQueueReceiveFromISR
                0x000000001f802038       0xa0 CMakeFiles/la9310.dir/home/deepika/21_sept_macro_changes/PS_NLM_5G_LAT/nlm_controller/Source/queue.c.obj
                0x000000001f802038                xQueueReceiveFromISR
 .text.uxQueueMessagesWaitingFromISR
                0x000000001f8020d8       0x18 CMakeFiles/la9310.dir/home/deepika/21_sept_macro_changes/PS_NLM_5G_LAT/nlm_controller/Source/queue.c.obj
                0x000000001f8020d8                uxQueueMessagesWaitingFromISR
 .text.vQueueAddToRegistry
                0x000000001f8020f0       0x24 CMakeFiles/la9310.dir/home/deepika/21_sept_macro_changes/PS_NLM_5G_LAT/nlm_controller/Source/queue.c.obj
                0x000000001f8020f0                vQueueAddToRegistry
 .text.vQueueWaitForMessageRestricted
                0x000000001f802114       0x46 CMakeFiles/la9310.dir/home/deepika/21_sept_macro_changes/PS_NLM_5G_LAT/nlm_controller/Source/queue.c.obj
                0x000000001f802114                vQueueWaitForMessageRestricted
 .text.prvIdleTask
                0x000000001f80215a        0x2 CMakeFiles/la9310.dir/home/deepika/21_sept_macro_changes/PS_NLM_5G_LAT/nlm_controller/Source/tasks.c.obj
 .text.prvResetNextTaskUnblockTime
                0x000000001f80215c       0x24 CMakeFiles/la9310.dir/home/deepika/21_sept_macro_changes/PS_NLM_5G_LAT/nlm_controller/Source/tasks.c.obj
 .text.prvAddCurrentTaskToDelayedList
                0x000000001f802180       0x8c CMakeFiles/la9310.dir/home/deepika/21_sept_macro_changes/PS_NLM_5G_LAT/nlm_controller/Source/tasks.c.obj
 .text.vTaskSetTimeOutState.part.5
                0x000000001f80220c       0x12 CMakeFiles/la9310.dir/home/deepika/21_sept_macro_changes/PS_NLM_5G_LAT/nlm_controller/Source/tasks.c.obj
 *fill*         0x000000001f80221e        0x2 
 .text.xTaskCreate
                0x000000001f802220      0x1b8 CMakeFiles/la9310.dir/home/deepika/21_sept_macro_changes/PS_NLM_5G_LAT/nlm_controller/Source/tasks.c.obj
                0x000000001f802220                xTaskCreate
 .text.vTaskStartScheduler
                0x000000001f8023d8       0x80 CMakeFiles/la9310.dir/home/deepika/21_sept_macro_changes/PS_NLM_5G_LAT/nlm_controller/Source/tasks.c.obj
                0x000000001f8023d8                vTaskStartScheduler
 .text.vTaskSuspendAll
                0x000000001f802458       0x10 CMakeFiles/la9310.dir/home/deepika/21_sept_macro_changes/PS_NLM_5G_LAT/nlm_controller/Source/tasks.c.obj
                0x000000001f802458                vTaskSuspendAll
 .text.xTaskGetTickCount
                0x000000001f802468        0xc CMakeFiles/la9310.dir/home/deepika/21_sept_macro_changes/PS_NLM_5G_LAT/nlm_controller/Source/tasks.c.obj
                0x000000001f802468                xTaskGetTickCount
 .text.xTaskGetTickCountFromISR
                0x000000001f802474       0x10 CMakeFiles/la9310.dir/home/deepika/21_sept_macro_changes/PS_NLM_5G_LAT/nlm_controller/Source/tasks.c.obj
                0x000000001f802474                xTaskGetTickCountFromISR
 .text.xTaskIncrementTick
                0x000000001f802484      0x124 CMakeFiles/la9310.dir/home/deepika/21_sept_macro_changes/PS_NLM_5G_LAT/nlm_controller/Source/tasks.c.obj
                0x000000001f802484                xTaskIncrementTick
 .text.xTaskResumeAll
                0x000000001f8025a8       0xf0 CMakeFiles/la9310.dir/home/deepika/21_sept_macro_changes/PS_NLM_5G_LAT/nlm_controller/Source/tasks.c.obj
                0x000000001f8025a8                xTaskResumeAll
 .text.vTaskDelay
                0x000000001f802698       0x48 CMakeFiles/la9310.dir/home/deepika/21_sept_macro_changes/PS_NLM_5G_LAT/nlm_controller/Source/tasks.c.obj
                0x000000001f802698                vTaskDelay
 .text.vTaskSwitchContext
                0x000000001f8026e0       0x74 CMakeFiles/la9310.dir/home/deepika/21_sept_macro_changes/PS_NLM_5G_LAT/nlm_controller/Source/tasks.c.obj
                0x000000001f8026e0                vTaskSwitchContext
 .text.vTaskPlaceOnEventList
                0x000000001f802754       0x34 CMakeFiles/la9310.dir/home/deepika/21_sept_macro_changes/PS_NLM_5G_LAT/nlm_controller/Source/tasks.c.obj
                0x000000001f802754                vTaskPlaceOnEventList
 .text.vTaskPlaceOnUnorderedEventList
                0x000000001f802788       0x58 CMakeFiles/la9310.dir/home/deepika/21_sept_macro_changes/PS_NLM_5G_LAT/nlm_controller/Source/tasks.c.obj
                0x000000001f802788                vTaskPlaceOnUnorderedEventList
 .text.vTaskPlaceOnEventListRestricted
                0x000000001f8027e0       0x3c CMakeFiles/la9310.dir/home/deepika/21_sept_macro_changes/PS_NLM_5G_LAT/nlm_controller/Source/tasks.c.obj
                0x000000001f8027e0                vTaskPlaceOnEventListRestricted
 .text.xTaskRemoveFromEventList
                0x000000001f80281c       0x84 CMakeFiles/la9310.dir/home/deepika/21_sept_macro_changes/PS_NLM_5G_LAT/nlm_controller/Source/tasks.c.obj
                0x000000001f80281c                xTaskRemoveFromEventList
 .text.xTaskRemoveFromUnorderedEventList
                0x000000001f8028a0       0x8c CMakeFiles/la9310.dir/home/deepika/21_sept_macro_changes/PS_NLM_5G_LAT/nlm_controller/Source/tasks.c.obj
                0x000000001f8028a0                xTaskRemoveFromUnorderedEventList
 .text.vTaskSetTimeOutState
                0x000000001f80292c       0x20 CMakeFiles/la9310.dir/home/deepika/21_sept_macro_changes/PS_NLM_5G_LAT/nlm_controller/Source/tasks.c.obj
                0x000000001f80292c                vTaskSetTimeOutState
 .text.xTaskCheckForTimeOut
                0x000000001f80294c       0x74 CMakeFiles/la9310.dir/home/deepika/21_sept_macro_changes/PS_NLM_5G_LAT/nlm_controller/Source/tasks.c.obj
                0x000000001f80294c                xTaskCheckForTimeOut
 .text.vTaskMissedYield
                0x000000001f8029c0        0xc CMakeFiles/la9310.dir/home/deepika/21_sept_macro_changes/PS_NLM_5G_LAT/nlm_controller/Source/tasks.c.obj
                0x000000001f8029c0                vTaskMissedYield
 .text.xTaskGetSchedulerState
                0x000000001f8029cc       0x20 CMakeFiles/la9310.dir/home/deepika/21_sept_macro_changes/PS_NLM_5G_LAT/nlm_controller/Source/tasks.c.obj
                0x000000001f8029cc                xTaskGetSchedulerState
 .text.vTaskPriorityInherit
                0x000000001f8029ec       0x8c CMakeFiles/la9310.dir/home/deepika/21_sept_macro_changes/PS_NLM_5G_LAT/nlm_controller/Source/tasks.c.obj
                0x000000001f8029ec                vTaskPriorityInherit
 .text.xTaskPriorityDisinherit
                0x000000001f802a78       0xa0 CMakeFiles/la9310.dir/home/deepika/21_sept_macro_changes/PS_NLM_5G_LAT/nlm_controller/Source/tasks.c.obj
                0x000000001f802a78                xTaskPriorityDisinherit
 .text.uxTaskResetEventItemValue
                0x000000001f802b18       0x18 CMakeFiles/la9310.dir/home/deepika/21_sept_macro_changes/PS_NLM_5G_LAT/nlm_controller/Source/tasks.c.obj
                0x000000001f802b18                uxTaskResetEventItemValue
 .text.pvTaskIncrementMutexHeldCount
                0x000000001f802b30       0x18 CMakeFiles/la9310.dir/home/deepika/21_sept_macro_changes/PS_NLM_5G_LAT/nlm_controller/Source/tasks.c.obj
                0x000000001f802b30                pvTaskIncrementMutexHeldCount
 .text.prvCheckForValidListAndQueue
                0x000000001f802b48       0x58 CMakeFiles/la9310.dir/home/deepika/21_sept_macro_changes/PS_NLM_5G_LAT/nlm_controller/Source/timers.c.obj
 .text.prvInsertTimerInActiveList
                0x000000001f802ba0       0x3c CMakeFiles/la9310.dir/home/deepika/21_sept_macro_changes/PS_NLM_5G_LAT/nlm_controller/Source/timers.c.obj
 .text.xTimerCreateTimerTask
                0x000000001f802bdc       0x4c CMakeFiles/la9310.dir/home/deepika/21_sept_macro_changes/PS_NLM_5G_LAT/nlm_controller/Source/timers.c.obj
                0x000000001f802bdc                xTimerCreateTimerTask
 .text.xTimerCreate
                0x000000001f802c28       0x48 CMakeFiles/la9310.dir/home/deepika/21_sept_macro_changes/PS_NLM_5G_LAT/nlm_controller/Source/timers.c.obj
                0x000000001f802c28                xTimerCreate
 .text.xTimerGenericCommand
                0x000000001f802c70       0x58 CMakeFiles/la9310.dir/home/deepika/21_sept_macro_changes/PS_NLM_5G_LAT/nlm_controller/Source/timers.c.obj
                0x000000001f802c70                xTimerGenericCommand
 .text.prvSwitchTimerLists
                0x000000001f802cc8       0x7c CMakeFiles/la9310.dir/home/deepika/21_sept_macro_changes/PS_NLM_5G_LAT/nlm_controller/Source/timers.c.obj
 .text.prvTimerTask
                0x000000001f802d44      0x1dc CMakeFiles/la9310.dir/home/deepika/21_sept_macro_changes/PS_NLM_5G_LAT/nlm_controller/Source/timers.c.obj
 .text.xTimerIsTimerActive
                0x000000001f802f20       0x2c CMakeFiles/la9310.dir/home/deepika/21_sept_macro_changes/PS_NLM_5G_LAT/nlm_controller/Source/timers.c.obj
                0x000000001f802f20                xTimerIsTimerActive
 .text.pvTimerGetTimerID
                0x000000001f802f4c       0x26 CMakeFiles/la9310.dir/home/deepika/21_sept_macro_changes/PS_NLM_5G_LAT/nlm_controller/Source/timers.c.obj
                0x000000001f802f4c                pvTimerGetTimerID
 .text.vTimerSetTimerID
                0x000000001f802f72       0x28 CMakeFiles/la9310.dir/home/deepika/21_sept_macro_changes/PS_NLM_5G_LAT/nlm_controller/Source/timers.c.obj
                0x000000001f802f72                vTimerSetTimerID
 *fill*         0x000000001f802f9a        0x2 
 .text.xTimerPendFunctionCallFromISR
                0x000000001f802f9c       0x28 CMakeFiles/la9310.dir/home/deepika/21_sept_macro_changes/PS_NLM_5G_LAT/nlm_controller/Source/timers.c.obj
                0x000000001f802f9c                xTimerPendFunctionCallFromISR
 .text.debug_putc
                0x000000001f802fc4       0x28 CMakeFiles/la9310.dir/drivers/serial/debug_console.c.obj
 .text.prvReceiveDataPolling
                0x000000001f802fec        0x4 CMakeFiles/la9310.dir/drivers/serial/debug_console.c.obj
 .text.prvSendDataPolling
                0x000000001f802ff0        0x4 CMakeFiles/la9310.dir/drivers/serial/debug_console.c.obj
 .text.xDebugConsoleInit
                0x000000001f802ff4       0x2c CMakeFiles/la9310.dir/drivers/serial/debug_console.c.obj
                0x000000001f802ff4                xDebugConsoleInit
 .text.debug_printf
                0x000000001f803020       0x38 CMakeFiles/la9310.dir/drivers/serial/debug_console.c.obj
                0x000000001f803020                debug_printf
 .text.debug_putchar
                0x000000001f803058       0x1c CMakeFiles/la9310.dir/drivers/serial/debug_console.c.obj
                0x000000001f803058                debug_putchar
 .text.debug_getchar
                0x000000001f803074       0x20 CMakeFiles/la9310.dir/drivers/serial/debug_console.c.obj
                0x000000001f803074                debug_getchar
 .text.mknumstr
                0x000000001f803094       0x6a CMakeFiles/la9310.dir/drivers/serial/print_scan.c.obj
 .text.fput_pad.isra.0
                0x000000001f8030fe       0x28 CMakeFiles/la9310.dir/drivers/serial/print_scan.c.obj
 *fill*         0x000000001f803126        0x2 
 .text._doprint
                0x000000001f803128      0x3d0 CMakeFiles/la9310.dir/drivers/serial/print_scan.c.obj
                0x000000001f803128                _doprint
 .text.vSerialInit
                0x000000001f8034f8       0x30 CMakeFiles/la9310.dir/drivers/serial/serial_ns16550.c.obj
                0x000000001f8034f8                vSerialInit
 .text.vSerialWriteBlocking
                0x000000001f803528       0x34 CMakeFiles/la9310.dir/drivers/serial/serial_ns16550.c.obj
                0x000000001f803528                vSerialWriteBlocking
 .text.vSerialReadBlocking
                0x000000001f80355c       0x16 CMakeFiles/la9310.dir/drivers/serial/serial_ns16550.c.obj
                0x000000001f80355c                vSerialReadBlocking
 .text.nmm_putc
                0x000000001f803572       0x18 CMakeFiles/la9310.dir/drivers/serial/nmm_logging.c.obj
 *fill*         0x000000001f80358a        0x2 
 .text.nmm_log_to_mem
                0x000000001f80358c       0x28 CMakeFiles/la9310.dir/drivers/serial/nmm_logging.c.obj
                0x000000001f80358c                nmm_log_to_mem
 .text.iEdmaInit
                0x000000001f8035b4       0x34 CMakeFiles/la9310.dir/drivers/edma/la9310_edma.c.obj
                0x000000001f8035b4                iEdmaInit
 .text.pEdmaAllocChannel
                0x000000001f8035e8       0xa4 CMakeFiles/la9310.dir/drivers/edma/la9310_edma.c.obj
                0x000000001f8035e8                pEdmaAllocChannel
 .text.iEdmaXferReq
                0x000000001f80368c       0xb8 CMakeFiles/la9310.dir/drivers/edma/la9310_edma.c.obj
                0x000000001f80368c                iEdmaXferReq
 .text.vEdmaFreeChannel
                0x000000001f803744       0x60 CMakeFiles/la9310.dir/drivers/edma/la9310_edma.c.obj
                0x000000001f803744                vEdmaFreeChannel
 .text.La9310eDMA_IRQHandler
                0x000000001f8037a4       0xc0 CMakeFiles/la9310.dir/drivers/edma/la9310_edma.c.obj
                0x000000001f8037a4                La9310eDMA_IRQHandler
 .text.vMemlogWrite
                0x000000001f803864       0x38 CMakeFiles/la9310.dir/drivers/misc/mem_log.c.obj
                0x000000001f803864                vMemlogWrite
 .text.La9310WDOG_IRQHandler
                0x000000001f80389c       0x50 CMakeFiles/la9310.dir/drivers/watchdog/la9310_watchdog.c.obj
                0x000000001f80389c                La9310WDOG_IRQHandler
 .text.vSoCEnableUART
                0x000000001f8038ec       0x10 CMakeFiles/la9310.dir/platform/ARM_CM4/soc.c.obj
                0x000000001f8038ec                vSoCEnableUART
 .text.vSocInit
                0x000000001f8038fc        0x4 CMakeFiles/la9310.dir/platform/ARM_CM4/soc.c.obj
                0x000000001f8038fc                vSocInit
 .text.vSocResetHandshake
                0x000000001f803900       0x34 CMakeFiles/la9310.dir/platform/ARM_CM4/soc.c.obj
                0x000000001f803900                vSocResetHandshake
 .text.vBoardEarlyInit
                0x000000001f803934       0x14 CMakeFiles/la9310.dir/platform/boards/la9310/board.c.obj
                0x000000001f803934                vBoardEarlyInit
 .text.vBoardFinalInit
                0x000000001f803948       0x30 CMakeFiles/la9310.dir/platform/boards/la9310/board.c.obj
                0x000000001f803948                vBoardFinalInit
 .text.vAnalyzeFault
                0x000000001f803978      0x230 CMakeFiles/la9310.dir/platform/ARM_CM4/exceptions.c.obj
                0x000000001f803978                vAnalyzeFault
 .text.HardFault_Handler
                0x000000001f803ba8       0x16 CMakeFiles/la9310.dir/platform/ARM_CM4/exceptions.c.obj
                0x000000001f803ba8                HardFault_Handler
 *fill*         0x000000001f803bbe        0x2 
 .text.vEnableExceptions
                0x000000001f803bc0       0x10 CMakeFiles/la9310.dir/platform/ARM_CM4/exceptions.c.obj
                0x000000001f803bc0                vEnableExceptions
 .text.vLa9310_do_handshake
                0x000000001f803bd0       0x6c CMakeFiles/la9310.dir/platform/boards/la9310/hardware_init.c.obj
                0x000000001f803bd0                vLa9310_do_handshake
 .text.vHardwareEarlyInit
                0x000000001f803c3c       0x12 CMakeFiles/la9310.dir/platform/boards/la9310/hardware_init.c.obj
                0x000000001f803c3c                vHardwareEarlyInit
 *fill*         0x000000001f803c4e        0x2 
 .text.v_main_Hif_Init
                0x000000001f803c50       0x30 CMakeFiles/la9310.dir/main.c.obj
                0x000000001f803c50                v_main_Hif_Init
 .text.iLa9310HostPreInit
                0x000000001f803c80       0x1a CMakeFiles/la9310.dir/main.c.obj
                0x000000001f803c80                iLa9310HostPreInit
 *fill*         0x000000001f803c9a        0x2 
 .text.iLa9310HostPostInit
                0x000000001f803c9c       0x28 CMakeFiles/la9310.dir/main.c.obj
                0x000000001f803c9c                iLa9310HostPostInit
 .text.iGpioInitRFIC
                0x000000001f803cc4       0x1e CMakeFiles/la9310.dir/main.c.obj
                0x000000001f803cc4                iGpioInitRFIC
 *fill*         0x000000001f803ce2        0x2 
 .text.vInitMsgUnit
                0x000000001f803ce4       0x14 CMakeFiles/la9310.dir/main.c.obj
                0x000000001f803ce4                vInitMsgUnit
 .text.iPcieBoot
                0x000000001f803cf8      0x218 CMakeFiles/la9310.dir/main.c.obj
                0x000000001f803cf8                iPcieBoot
 .text.iI2cBoot
                0x000000001f803f10       0x28 CMakeFiles/la9310.dir/main.c.obj
                0x000000001f803f10                iI2cBoot
 .text.startup.main
                0x000000001f803f38      0x134 CMakeFiles/la9310.dir/main.c.obj
                0x000000001f803f38                main
 .text.getAviHandle
                0x000000001f80406c        0xc CMakeFiles/la9310.dir/main.c.obj
                0x000000001f80406c                getAviHandle
 .text.sendMboxtoVSPA
                0x000000001f804078       0x40 CMakeFiles/la9310.dir/cmd_ctrl_vspa_intfce.c.obj
                0x000000001f804078                sendMboxtoVSPA
 .text.prvCellFollowimerCallback
                0x000000001f8040b8       0x18 CMakeFiles/la9310.dir/cmd_ctrl_vspa_intfce.c.obj
                0x000000001f8040b8                prvCellFollowimerCallback
 .text.sendCliCommandToVspa
                0x000000001f8040d0      0x21c CMakeFiles/la9310.dir/cmd_ctrl_vspa_intfce.c.obj
                0x000000001f8040d0                sendCliCommandToVspa
 .text.vNMMMbxSend
                0x000000001f8042ec       0x40 CMakeFiles/la9310.dir/nmm_avi.c.obj
                0x000000001f8042ec                vNMMMbxSend
 .text.vNMMMbxReceive
                0x000000001f80432c       0x8c CMakeFiles/la9310.dir/nmm_avi.c.obj
                0x000000001f80432c                vNMMMbxReceive
 .text.vDMACallback
                0x000000001f8043b8        0xc CMakeFiles/la9310.dir/nmm_app.c.obj
                0x000000001f8043b8                vDMACallback
 *fill*         0x000000001f8043c4        0x4 
 .text.dbmScaling
                0x000000001f8043c8       0xac CMakeFiles/la9310.dir/nmm_app.c.obj
 .text.prvCopyVSPAMem
                0x000000001f804474      0x184 CMakeFiles/la9310.dir/nmm_app.c.obj
 .text.prvStartVspaTimer
                0x000000001f8045f8       0x80 CMakeFiles/la9310.dir/nmm_app.c.obj
 .text.prvDoReset
                0x000000001f804678       0x40 CMakeFiles/la9310.dir/nmm_app.c.obj
 .text.nmm_do_hexdump.constprop.12
                0x000000001f8046b8       0x50 CMakeFiles/la9310.dir/nmm_app.c.obj
 .text.prvSendMsgToHost
                0x000000001f804708       0xfc CMakeFiles/la9310.dir/nmm_app.c.obj
 .text.prvDoFillMemCustom
                0x000000001f804804       0x58 CMakeFiles/la9310.dir/nmm_app.c.obj
 .text.prvSendVspaCmd
                0x000000001f80485c       0xe4 CMakeFiles/la9310.dir/nmm_app.c.obj
 .text.prvDoDLDump
                0x000000001f804940       0x74 CMakeFiles/la9310.dir/nmm_app.c.obj
 .text.prvDoStop
                0x000000001f8049b4       0x6c CMakeFiles/la9310.dir/nmm_app.c.obj
 .text.prvDisableIntTest
                0x000000001f804a20       0x50 CMakeFiles/la9310.dir/nmm_app.c.obj
 .text.prvEnableIntTest
                0x000000001f804a70       0x70 CMakeFiles/la9310.dir/nmm_app.c.obj
 .text.prvDoTimeUpdate
                0x000000001f804ae0       0xe0 CMakeFiles/la9310.dir/nmm_app.c.obj
 .text.prvTimerCb
                0x000000001f804bc0       0x1c CMakeFiles/la9310.dir/nmm_app.c.obj
 .text.prvVSPAMemInit
                0x000000001f804bdc       0x58 CMakeFiles/la9310.dir/nmm_app.c.obj
                0x000000001f804bdc                prvVSPAMemInit
 .text.prvDoMemInit
                0x000000001f804c34       0x44 CMakeFiles/la9310.dir/nmm_app.c.obj
 .text.vBBDEVSetup
                0x000000001f804c78       0xa4 CMakeFiles/la9310.dir/nmm_app.c.obj
                0x000000001f804c78                vBBDEVSetup
 .text.prvDoIPCReset
                0x000000001f804d1c       0xec CMakeFiles/la9310.dir/nmm_app.c.obj
 .text.prvCalRadio
                0x000000001f804e08       0x78 CMakeFiles/la9310.dir/nmm_app.c.obj
                0x000000001f804e08                prvCalRadio
 .text.prvSetVCXO
                0x000000001f804e80       0x7c CMakeFiles/la9310.dir/nmm_app.c.obj
                0x000000001f804e80                prvSetVCXO
 .text.prvSetRadio
                0x000000001f804efc      0x1f0 CMakeFiles/la9310.dir/nmm_app.c.obj
 .text.prvDoSIB
                0x000000001f8050ec       0x84 CMakeFiles/la9310.dir/nmm_app.c.obj
 .text.prvDoMIB
                0x000000001f805170       0x88 CMakeFiles/la9310.dir/nmm_app.c.obj
 .text.prvDoCellSearch
                0x000000001f8051f8       0x6c CMakeFiles/la9310.dir/nmm_app.c.obj
 .text.prvDoDecCapture
                0x000000001f805264       0x88 CMakeFiles/la9310.dir/nmm_app.c.obj
 .text.prvDoRxCapture
                0x000000001f8052ec       0x84 CMakeFiles/la9310.dir/nmm_app.c.obj
 .text.prvDoCellFollow
                0x000000001f805370       0xc4 CMakeFiles/la9310.dir/nmm_app.c.obj
 .text.prvParseSsbInfo
                0x000000001f805434       0x34 CMakeFiles/la9310.dir/nmm_app.c.obj
                0x000000001f805434                prvParseSsbInfo
 .text.prvVspaDone
                0x000000001f805468      0x160 CMakeFiles/la9310.dir/nmm_app.c.obj
 .text.prvDoRasterScan
                0x000000001f8055c8       0x98 CMakeFiles/la9310.dir/nmm_app.c.obj
                0x000000001f8055c8                prvDoRasterScan
 .text.prvDoCellFollowCellSearch
                0x000000001f805660      0x178 CMakeFiles/la9310.dir/nmm_app.c.obj
                0x000000001f805660                prvDoCellFollowCellSearch
 .text.prvDoTrackingUpdate
                0x000000001f8057d8      0x27c CMakeFiles/la9310.dir/nmm_app.c.obj
                0x000000001f8057d8                prvDoTrackingUpdate
 .text.vVSPALoop
                0x000000001f805a54      0x190 CMakeFiles/la9310.dir/nmm_app.c.obj
                0x000000001f805a54                vVSPALoop
 .text.vConfigRficOnce
                0x000000001f805be4       0xfc CMakeFiles/la9310.dir/nmm_app.c.obj
                0x000000001f805be4                vConfigRficOnce
 .text.vRxLoop  0x000000001f805ce0      0x1b4 CMakeFiles/la9310.dir/nmm_app.c.obj
                0x000000001f805ce0                vRxLoop
 .text.prvGetRasterScanRsp
                0x000000001f805e94        0xc CMakeFiles/la9310.dir/nmm_app.c.obj
                0x000000001f805e94                prvGetRasterScanRsp
 .text.prvResetRasterScanRsp
                0x000000001f805ea0        0xc CMakeFiles/la9310.dir/nmm_app.c.obj
                0x000000001f805ea0                prvResetRasterScanRsp
 .text.vRaiseMsi
                0x000000001f805eac       0x38 CMakeFiles/la9310.dir/la9310_irq.c.obj
                0x000000001f805eac                vRaiseMsi
 .text.vLa9310IrqMuxIrq
                0x000000001f805ee4       0x88 CMakeFiles/la9310.dir/la9310_irq.c.obj
                0x000000001f805ee4                vLa9310IrqMuxIrq
 .text.La9310MSG_1_IRQHandler
                0x000000001f805f6c       0x34 CMakeFiles/la9310.dir/la9310_irq.c.obj
                0x000000001f805f6c                La9310MSG_1_IRQHandler
 .text.La9310MSG_3_IRQHandler
                0x000000001f805fa0       0x34 CMakeFiles/la9310.dir/la9310_irq.c.obj
                0x000000001f805fa0                La9310MSG_3_IRQHandler
 .text.iLa9310RegisterEvt
                0x000000001f805fd4      0x12c CMakeFiles/la9310.dir/la9310_irq.c.obj
                0x000000001f805fd4                iLa9310RegisterEvt
 .text.iLa9310IRQInit
                0x000000001f806100       0x88 CMakeFiles/la9310.dir/la9310_irq.c.obj
                0x000000001f806100                iLa9310IRQInit
 .text.bbdev_ipc_is_host_initialized
                0x000000001f806188       0x18 CMakeFiles/la9310.dir/drivers/misc/bbdev_ipc.c.obj
                0x000000001f806188                bbdev_ipc_is_host_initialized
 .text.bbdev_ipc_signal_ready
                0x000000001f8061a0       0x14 CMakeFiles/la9310.dir/drivers/misc/bbdev_ipc.c.obj
                0x000000001f8061a0                bbdev_ipc_signal_ready
 .text.bbdev_ipc_get_dev_attr
                0x000000001f8061b4       0x64 CMakeFiles/la9310.dir/drivers/misc/bbdev_ipc.c.obj
                0x000000001f8061b4                bbdev_ipc_get_dev_attr
 .text.bbdev_ipc_get_next_internal_buf
                0x000000001f806218       0x60 CMakeFiles/la9310.dir/drivers/misc/bbdev_ipc.c.obj
                0x000000001f806218                bbdev_ipc_get_next_internal_buf
 .text.bbdev_ipc_enqueue_raw_op
                0x000000001f806278       0x98 CMakeFiles/la9310.dir/drivers/misc/bbdev_ipc.c.obj
                0x000000001f806278                bbdev_ipc_enqueue_raw_op
 .text.bbdev_ipc_dequeue_raw_op
                0x000000001f806310       0x80 CMakeFiles/la9310.dir/drivers/misc/bbdev_ipc.c.obj
                0x000000001f806310                bbdev_ipc_dequeue_raw_op
 .text.bbdev_ipc_consume_raw_op
                0x000000001f806390       0x4c CMakeFiles/la9310.dir/drivers/misc/bbdev_ipc.c.obj
                0x000000001f806390                bbdev_ipc_consume_raw_op
 .text.bbdev_ipc_queue_configure
                0x000000001f8063dc      0x1b4 CMakeFiles/la9310.dir/drivers/misc/bbdev_ipc.c.obj
                0x000000001f8063dc                bbdev_ipc_queue_configure
 .text.bbdev_ipc_init
                0x000000001f806590      0x148 CMakeFiles/la9310.dir/drivers/misc/bbdev_ipc.c.obj
                0x000000001f806590                bbdev_ipc_init
 .text.bbdev_ipc_close
                0x000000001f8066d8       0x18 CMakeFiles/la9310.dir/drivers/misc/bbdev_ipc.c.obj
                0x000000001f8066d8                bbdev_ipc_close
 .text.vLa9310AviEvtMask
                0x000000001f8066f0       0x10 CMakeFiles/la9310.dir/drivers/avi/la9310_avi.c.obj
 .text.vLa9310AviEvtUnmask
                0x000000001f806700       0x10 CMakeFiles/la9310.dir/drivers/avi/la9310_avi.c.obj
 .text.vVSPAMboxInit
                0x000000001f806710       0x30 CMakeFiles/la9310.dir/drivers/avi/la9310_avi.c.obj
                0x000000001f806710                vVSPAMboxInit
 .text.iLa9310AviHostSendMboxToVspa
                0x000000001f806740      0x1a8 CMakeFiles/la9310.dir/drivers/avi/la9310_avi.c.obj
                0x000000001f806740                iLa9310AviHostSendMboxToVspa
 .text.iLa9310AviHostRecvMboxFromVspa
                0x000000001f8068e8      0x12c CMakeFiles/la9310.dir/drivers/avi/la9310_avi.c.obj
                0x000000001f8068e8                iLa9310AviHostRecvMboxFromVspa
 .text.AviHndleMboxInterrupt
                0x000000001f806a14      0x24c CMakeFiles/la9310.dir/drivers/avi/la9310_avi.c.obj
                0x000000001f806a14                AviHndleMboxInterrupt
 .text.La9310VSPA_IRQRelayHandler
                0x000000001f806c60       0xa8 CMakeFiles/la9310.dir/drivers/avi/la9310_avi.c.obj
                0x000000001f806c60                La9310VSPA_IRQRelayHandler
 .text.La9310VSPA_IRQHandler
                0x000000001f806d08        0xc CMakeFiles/la9310.dir/drivers/avi/la9310_avi.c.obj
                0x000000001f806d08                La9310VSPA_IRQHandler
 .text.iLa9310AviHandle
                0x000000001f806d14        0xc CMakeFiles/la9310.dir/drivers/avi/la9310_avi.c.obj
                0x000000001f806d14                iLa9310AviHandle
 .text.iLa9310AviInit
                0x000000001f806d20      0x148 CMakeFiles/la9310.dir/drivers/avi/la9310_avi.c.obj
                0x000000001f806d20                iLa9310AviInit
 .text.iGpioInputBufferEnable
                0x000000001f806e68       0x18 CMakeFiles/la9310.dir/drivers/misc/la9310_gpio.c.obj
                0x000000001f806e68                iGpioInputBufferEnable
 .text.iGpioSetData
                0x000000001f806e80       0x84 CMakeFiles/la9310.dir/drivers/misc/la9310_gpio.c.obj
                0x000000001f806e80                iGpioSetData
 .text.iGpioInit
                0x000000001f806f04       0x80 CMakeFiles/la9310.dir/drivers/misc/la9310_gpio.c.obj
                0x000000001f806f04                iGpioInit
 .text.vGpioSetPinMuxSingle
                0x000000001f806f84       0x20 CMakeFiles/la9310.dir/drivers/misc/la9310_pinmux.c.obj
                0x000000001f806f84                vGpioSetPinMuxSingle
 .text.prvWait_For_Bus_Free
                0x000000001f806fa4       0x8c CMakeFiles/la9310.dir/drivers/i2c/la9310_i2c.c.obj
 .text.prvStop_I2C_Cntrl
                0x000000001f807030       0x50 CMakeFiles/la9310.dir/drivers/i2c/la9310_i2c.c.obj
 .text.prvCheck_Offset
                0x000000001f807080       0xc8 CMakeFiles/la9310.dir/drivers/i2c/la9310_i2c.c.obj
 .text.prvWait_For_Status_Change
                0x000000001f807148       0x64 CMakeFiles/la9310.dir/drivers/i2c/la9310_i2c.c.obj
 .text.prvTransmit_Byte
                0x000000001f8071ac       0x3c CMakeFiles/la9310.dir/drivers/i2c/la9310_i2c.c.obj
 .text.prvInit_Source_Addr
                0x000000001f8071e8      0x330 CMakeFiles/la9310.dir/drivers/i2c/la9310_i2c.c.obj
 .text.iLa9310_I2C_Init
                0x000000001f807518       0xc8 CMakeFiles/la9310.dir/drivers/i2c/la9310_i2c.c.obj
                0x000000001f807518                iLa9310_I2C_Init
 .text.iLa9310_I2C_Read
                0x000000001f8075e0      0x10c CMakeFiles/la9310.dir/drivers/i2c/la9310_i2c.c.obj
                0x000000001f8075e0                iLa9310_I2C_Read
 .text.iLa9310_I2C_Write
                0x000000001f8076ec       0xe4 CMakeFiles/la9310.dir/drivers/i2c/la9310_i2c.c.obj
                0x000000001f8076ec                iLa9310_I2C_Write
 .text.vBusyDelay
                0x000000001f8077d0       0x34 CMakeFiles/la9310.dir/drivers/pcie/la9310_pcie.c.obj
                0x000000001f8077d0                vBusyDelay
 .text.vWaitForPCIeLinkStability
                0x000000001f807804       0x34 CMakeFiles/la9310.dir/drivers/pcie/la9310_pcie.c.obj
                0x000000001f807804                vWaitForPCIeLinkStability
 .text.vPCIEIDOClear
                0x000000001f807838       0x10 CMakeFiles/la9310.dir/drivers/pcie/la9310_pcie.c.obj
                0x000000001f807838                vPCIEIDOClear
 .text.vPCIEInterruptInit
                0x000000001f807848       0x2c CMakeFiles/la9310.dir/drivers/pcie/la9310_pcie.c.obj
                0x000000001f807848                vPCIEInterruptInit
 .text.PCIE_IRQHandler
                0x000000001f807874       0x98 CMakeFiles/la9310.dir/drivers/pcie/la9310_pcie.c.obj
                0x000000001f807874                PCIE_IRQHandler
 .text.lDspiHzToBaud
                0x000000001f80790c       0xb4 CMakeFiles/la9310.dir/drivers/dspi/fsl_dspi.c.obj
                0x000000001f80790c                lDspiHzToBaud
 .text.vDspiClkSet
                0x000000001f8079c0       0x80 CMakeFiles/la9310.dir/drivers/dspi/fsl_dspi.c.obj
                0x000000001f8079c0                vDspiClkSet
 .text.vWaitFifo
                0x000000001f807a40        0xc CMakeFiles/la9310.dir/drivers/dspi/fsl_dspi.c.obj
                0x000000001f807a40                vWaitFifo
 .text.vDspiHalt
                0x000000001f807a4c       0x14 CMakeFiles/la9310.dir/drivers/dspi/fsl_dspi.c.obj
                0x000000001f807a4c                vDspiHalt
 .text.vDspiFslClearFifo
                0x000000001f807a60       0x1c CMakeFiles/la9310.dir/drivers/dspi/fsl_dspi.c.obj
                0x000000001f807a60                vDspiFslClearFifo
 .text.lDspiClaimBus
                0x000000001f807a7c       0xcc CMakeFiles/la9310.dir/drivers/dspi/fsl_dspi.c.obj
                0x000000001f807a7c                lDspiClaimBus
 .text.lDspiPush
                0x000000001f807b48       0x90 CMakeFiles/la9310.dir/drivers/dspi/fsl_dspi.c.obj
                0x000000001f807b48                lDspiPush
 .text.lDspiPop
                0x000000001f807bd8       0x68 CMakeFiles/la9310.dir/drivers/dspi/fsl_dspi.c.obj
                0x000000001f807bd8                lDspiPop
 .text.pxDspiInit
                0x000000001f807c40       0xac CMakeFiles/la9310.dir/drivers/dspi/fsl_dspi.c.obj
                0x000000001f807c40                pxDspiInit
 .text.vPhyTimerReset
                0x000000001f807cec       0x18 CMakeFiles/la9310.dir/drivers/phy_timer/phytimer.c.obj
                0x000000001f807cec                vPhyTimerReset
 .text.vPhyTimerEnable
                0x000000001f807d04       0x28 CMakeFiles/la9310.dir/drivers/phy_timer/phytimer.c.obj
                0x000000001f807d04                vPhyTimerEnable
 .text.ulPhyTimerCapture
                0x000000001f807d2c       0x14 CMakeFiles/la9310.dir/drivers/phy_timer/phytimer.c.obj
                0x000000001f807d2c                ulPhyTimerCapture
 .text.vPhyTimerComparatorDisable
                0x000000001f807d40       0x14 CMakeFiles/la9310.dir/drivers/phy_timer/phytimer.c.obj
                0x000000001f807d40                vPhyTimerComparatorDisable
 .text.vPhyTimerComparatorForce
                0x000000001f807d54       0x18 CMakeFiles/la9310.dir/drivers/phy_timer/phytimer.c.obj
                0x000000001f807d54                vPhyTimerComparatorForce
 .text.vPhyTimerPPSOUTConfigGPSlike
                0x000000001f807d6c       0x40 CMakeFiles/la9310.dir/drivers/phy_timer/phytimer.c.obj
                0x000000001f807d6c                vPhyTimerPPSOUTConfigGPSlike
 .text.vPhyTimerPPSOUTHandlerGPSlike
                0x000000001f807dac       0x58 CMakeFiles/la9310.dir/drivers/phy_timer/phytimer.c.obj
                0x000000001f807dac                vPhyTimerPPSOUTHandlerGPSlike
 .text.vPhyTimerPPSOUTAdjustMinor
                0x000000001f807e04       0x10 CMakeFiles/la9310.dir/drivers/phy_timer/phytimer.c.obj
                0x000000001f807e04                vPhyTimerPPSOUTAdjustMinor
 .text.vPhyTimerPPSOUTAdjustMajor
                0x000000001f807e14       0x28 CMakeFiles/la9310.dir/drivers/phy_timer/phytimer.c.obj
                0x000000001f807e14                vPhyTimerPPSOUTAdjustMajor
 .text.vPhyTimerPPSINHandler
                0x000000001f807e3c       0x28 CMakeFiles/la9310.dir/drivers/phy_timer/phytimer.c.obj
                0x000000001f807e3c                vPhyTimerPPSINHandler
 .text.prvSyncTimingDeviceTrxCommand.part.0
                0x000000001f807e64       0x20 CMakeFiles/la9310.dir/drivers/timesync/sync_timing_device.c.obj
 .text.prvSyncTimingDeviceTrxCommand.constprop.4
                0x000000001f807e84       0x20 CMakeFiles/la9310.dir/drivers/timesync/sync_timing_device.c.obj
 .text.prvSyncTimingDeviceWaitForCTS
                0x000000001f807ea4       0x6c CMakeFiles/la9310.dir/drivers/timesync/sync_timing_device.c.obj
 .text.pxSyncTimingDeviceGetContext
                0x000000001f807f10       0x30 CMakeFiles/la9310.dir/drivers/timesync/sync_timing_device.c.obj
                0x000000001f807f10                pxSyncTimingDeviceGetContext
 .text.xSyncTimingDeviceMemReadDirect
                0x000000001f807f40       0x42 CMakeFiles/la9310.dir/drivers/timesync/sync_timing_device.c.obj
                0x000000001f807f40                xSyncTimingDeviceMemReadDirect
 *fill*         0x000000001f807f82        0x2 
 .text.xSyncTimingDeviceGetChipsetMode
                0x000000001f807f84       0x68 CMakeFiles/la9310.dir/drivers/timesync/sync_timing_device.c.obj
                0x000000001f807f84                xSyncTimingDeviceGetChipsetMode
 .text.xSyncTimingDeviceFWAPIMetadata
                0x000000001f807fec      0x12c CMakeFiles/la9310.dir/drivers/timesync/sync_timing_device.c.obj
                0x000000001f807fec                xSyncTimingDeviceFWAPIMetadata
 .text.xSyncTimingDeviceFWAPIVariableOffsetDco
                0x000000001f808118       0xb4 CMakeFiles/la9310.dir/drivers/timesync/sync_timing_device.c.obj
                0x000000001f808118                xSyncTimingDeviceFWAPIVariableOffsetDco
 .text.xSyncTimingDeviceGetVersionInfo
                0x000000001f8081cc      0x25c CMakeFiles/la9310.dir/drivers/timesync/sync_timing_device.c.obj
                0x000000001f8081cc                xSyncTimingDeviceGetVersionInfo
 .text.pxSyncTimingDeviceInit
                0x000000001f808428       0x30 CMakeFiles/la9310.dir/drivers/timesync/sync_timing_device.c.obj
                0x000000001f808428                pxSyncTimingDeviceInit
 .text.xSyncTimingDeviceFwUpgrade
                0x000000001f808458      0x4d4 CMakeFiles/la9310.dir/drivers/timesync/sync_timing_device.c.obj
                0x000000001f808458                xSyncTimingDeviceFwUpgrade
 .text.vSwCmdTask
                0x000000001f80892c       0x84 CMakeFiles/la9310.dir/sw_cmd_engine/sw_cmd_engine.c.obj
                0x000000001f80892c                vSwCmdTask
 .text.lSwCmdEngineInit
                0x000000001f8089b0       0x84 CMakeFiles/la9310.dir/sw_cmd_engine/sw_cmd_engine.c.obj
                0x000000001f8089b0                lSwCmdEngineInit
 .text.La9310MSG_2_IRQHandler
                0x000000001f808a34       0x50 CMakeFiles/la9310.dir/sw_cmd_engine/sw_cmd_engine.c.obj
                0x000000001f808a34                La9310MSG_2_IRQHandler
 .text.vUDelay  0x000000001f808a84       0x12 CMakeFiles/la9310.dir/utils/delay.c.obj
                0x000000001f808a84                vUDelay
 *fill*         0x000000001f808a96        0x2 
 .text.xLa9310AdcDacPowerUp
                0x000000001f808a98       0xb4 CMakeFiles/la9310.dir/drivers/dcs/la9310_dcs.c.obj
                0x000000001f808a98                xLa9310AdcDacPowerUp
 .text.xLa9310ConfigAdcDacClock
                0x000000001f808b4c       0xcc CMakeFiles/la9310.dir/drivers/dcs/la9310_dcs.c.obj
                0x000000001f808b4c                xLa9310ConfigAdcDacClock
 .text.xLa9310ResetAdcDac
                0x000000001f808c18       0xb4 CMakeFiles/la9310.dir/drivers/dcs/la9310_dcs.c.obj
                0x000000001f808c18                xLa9310ResetAdcDac
 .text.xLa9310AdcDacOpModeCtrl
                0x000000001f808ccc      0x20c CMakeFiles/la9310.dir/drivers/dcs/la9310_dcs.c.obj
                0x000000001f808ccc                xLa9310AdcDacOpModeCtrl
 .text.xLa9310AdcDacSetGateReady
                0x000000001f808ed8       0x7c CMakeFiles/la9310.dir/drivers/dcs/la9310_dcs.c.obj
                0x000000001f808ed8                xLa9310AdcDacSetGateReady
 .text.vDcsInit
                0x000000001f808f54       0x8c CMakeFiles/la9310.dir/drivers/dcs/la9310_dcs.c.obj
                0x000000001f808f54                vDcsInit
 .text.prvHelpCommand
                0x000000001f808fe0       0x30 CMakeFiles/la9310.dir/utils/FreeRTOS-Plus-CLI-Source/FreeRTOS_CLI.c.obj
 .text.FreeRTOS_CLIRegisterCommand
                0x000000001f809010       0x54 CMakeFiles/la9310.dir/utils/FreeRTOS-Plus-CLI-Source/FreeRTOS_CLI.c.obj
                0x000000001f809010                FreeRTOS_CLIRegisterCommand
 .text.FreeRTOS_CLIProcessCommand
                0x000000001f809064       0xcc CMakeFiles/la9310.dir/utils/FreeRTOS-Plus-CLI-Source/FreeRTOS_CLI.c.obj
                0x000000001f809064                FreeRTOS_CLIProcessCommand
 .text.FreeRTOS_CLIGetOutputBuffer
                0x000000001f809130        0x8 CMakeFiles/la9310.dir/utils/FreeRTOS-Plus-CLI-Source/FreeRTOS_CLI.c.obj
                0x000000001f809130                FreeRTOS_CLIGetOutputBuffer
 .text.FreeRTOS_CLIGetParameter
                0x000000001f809138       0x46 CMakeFiles/la9310.dir/utils/FreeRTOS-Plus-CLI-Source/FreeRTOS_CLI.c.obj
                0x000000001f809138                FreeRTOS_CLIGetParameter
 .text.prvCellFollowStopCommand
                0x000000001f80917e       0x2e CMakeFiles/la9310.dir/utils/command_from_shell.c.obj
 .text.prvRasterScanCommand
                0x000000001f8091ac       0x2e CMakeFiles/la9310.dir/utils/command_from_shell.c.obj
 .text.prvSSBScanCommand
                0x000000001f8091da       0x2e CMakeFiles/la9310.dir/utils/command_from_shell.c.obj
 .text.prvCellFollowCommand
                0x000000001f809208       0x4c CMakeFiles/la9310.dir/utils/command_from_shell.c.obj
 .text.prvMDCommand
                0x000000001f809254       0xc8 CMakeFiles/la9310.dir/utils/command_from_shell.c.obj
 .text.prvEchoCommand
                0x000000001f80931c       0x8c CMakeFiles/la9310.dir/utils/command_from_shell.c.obj
 .text.vRegisterSampleCLICommands
                0x000000001f8093a8       0xf4 CMakeFiles/la9310.dir/utils/command_from_shell.c.obj
                0x000000001f8093a8                vRegisterSampleCLICommands
 .text.getCellFollowParams
                0x000000001f80949c       0x14 CMakeFiles/la9310.dir/utils/command_from_shell.c.obj
                0x000000001f80949c                getCellFollowParams
 .text.prvUARTCommandConsoleTask
                0x000000001f8094b0       0xbc CMakeFiles/la9310.dir/utils/UARTCommandConsole.c.obj
 .text.vUARTConsoleStart
                0x000000001f80956c       0x54 CMakeFiles/la9310.dir/utils/UARTCommandConsole.c.obj
                0x000000001f80956c                vUARTConsoleStart
 .text.vRficInitGpio
                0x000000001f8095c0       0x9c CMakeFiles/la9310.dir/drivers/rfic/rfic_init.c.obj
                0x000000001f8095c0                vRficInitGpio
 .text.vRficInitHif
                0x000000001f80965c       0x2c CMakeFiles/la9310.dir/drivers/rfic/rfic_init.c.obj
                0x000000001f80965c                vRficInitHif
 .text.iRficSelectDspiSlave
                0x000000001f809688       0x48 CMakeFiles/la9310.dir/drivers/rfic/rfic_init.c.obj
                0x000000001f809688                iRficSelectDspiSlave
 .text.iRficInit
                0x000000001f8096d0      0x1d8 CMakeFiles/la9310.dir/drivers/rfic/rfic_init.c.obj
                0x000000001f8096d0                iRficInit
 .text.xRficPostLocalSwCmd
                0x000000001f8098a8       0x80 CMakeFiles/la9310.dir/drivers/rfic/rfic_core.c.obj
                0x000000001f8098a8                xRficPostLocalSwCmd
 .text.vRficSwCmdIrq
                0x000000001f809928       0x90 CMakeFiles/la9310.dir/drivers/rfic/rfic_core.c.obj
                0x000000001f809928                vRficSwCmdIrq
 .text.xHandleSwCmd
                0x000000001f8099b8       0xb0 CMakeFiles/la9310.dir/drivers/rfic/rfic_core.c.obj
                0x000000001f8099b8                xHandleSwCmd
 .text.vRficCoreTask
                0x000000001f809a68       0xb8 CMakeFiles/la9310.dir/drivers/rfic/rfic_core.c.obj
                0x000000001f809a68                vRficCoreTask
 .text.vLa9310MbxSend
                0x000000001f809b20       0x4c CMakeFiles/la9310.dir/drivers/rfic/rfic_avi_ctrl.c.obj
                0x000000001f809b20                vLa9310MbxSend
 .text.vLa9310MbxReceive
                0x000000001f809b6c       0x78 CMakeFiles/la9310.dir/drivers/rfic/rfic_avi_ctrl.c.obj
                0x000000001f809b6c                vLa9310MbxReceive
 .text.xRficLibInit
                0x000000001f809be4       0x18 CMakeFiles/la9310.dir/drivers/rfic/rfic_api.c.obj
                0x000000001f809be4                xRficLibInit
 .text.xRficSetBand
                0x000000001f809bfc       0x42 CMakeFiles/la9310.dir/drivers/rfic/rfic_api.c.obj
                0x000000001f809bfc                xRficSetBand
 *fill*         0x000000001f809c3e        0x2 
 .text.xRficAdjustPllFreq
                0x000000001f809c40       0x8c CMakeFiles/la9310.dir/drivers/rfic/rfic_api.c.obj
                0x000000001f809c40                xRficAdjustPllFreq
 .text.xRficFastCal
                0x000000001f809ccc       0x36 CMakeFiles/la9310.dir/drivers/rfic/rfic_api.c.obj
                0x000000001f809ccc                xRficFastCal
 .text.xRficAdrfGainCtrlBand77
                0x000000001f809d02       0x46 CMakeFiles/la9310.dir/drivers/rfic/rfic_api.c.obj
                0x000000001f809d02                xRficAdrfGainCtrlBand77
 .text.RficVgaWriteReg
                0x000000001f809d48       0x70 CMakeFiles/la9310.dir/drivers/rfic/rfic_vga.c.obj
                0x000000001f809d48                RficVgaWriteReg
 .text.RficVgaInit
                0x000000001f809db8       0x34 CMakeFiles/la9310.dir/drivers/rfic/rfic_vga.c.obj
                0x000000001f809db8                RficVgaInit
 .text.RficSynthWriteReg
                0x000000001f809dec       0x70 CMakeFiles/la9310.dir/drivers/rfic/rfic_synth.c.obj
                0x000000001f809dec                RficSynthWriteReg
 .text.RficSynthReadReg
                0x000000001f809e5c       0x88 CMakeFiles/la9310.dir/drivers/rfic/rfic_synth.c.obj
                0x000000001f809e5c                RficSynthReadReg
 *fill*         0x000000001f809ee4        0x4 
 .text.RficSynthAdjustPllFreq
                0x000000001f809ee8      0x2fc CMakeFiles/la9310.dir/drivers/rfic/rfic_synth.c.obj
                0x000000001f809ee8                RficSynthAdjustPllFreq
 .text.RficSynthAdjustPllFastCal
                0x000000001f80a1e4       0x60 CMakeFiles/la9310.dir/drivers/rfic/rfic_synth.c.obj
                0x000000001f80a1e4                RficSynthAdjustPllFastCal
 .text.RficSynthInit
                0x000000001f80a244       0x70 CMakeFiles/la9310.dir/drivers/rfic/rfic_synth.c.obj
                0x000000001f80a244                RficSynthInit
 .text.RficDemodWriteReg
                0x000000001f80a2b4       0xb4 CMakeFiles/la9310.dir/drivers/rfic/rfic_demod.c.obj
                0x000000001f80a2b4                RficDemodWriteReg
 .text.RficDemodReadReg
                0x000000001f80a368       0x80 CMakeFiles/la9310.dir/drivers/rfic/rfic_demod.c.obj
                0x000000001f80a368                RficDemodReadReg
 .text.RficDemodGainCtrl
                0x000000001f80a3e8       0xd0 CMakeFiles/la9310.dir/drivers/rfic/rfic_demod.c.obj
                0x000000001f80a3e8                RficDemodGainCtrl
 .text.RficDemodLoMatch
                0x000000001f80a4b8       0x80 CMakeFiles/la9310.dir/drivers/rfic/rfic_demod.c.obj
                0x000000001f80a4b8                RficDemodLoMatch
 .text.RficDemodInit
                0x000000001f80a538       0x60 CMakeFiles/la9310.dir/drivers/rfic/rfic_demod.c.obj
                0x000000001f80a538                RficDemodInit
 .text.iRficCtrlFemSwitch
                0x000000001f80a598       0x90 CMakeFiles/la9310.dir/drivers/rfic/rfic_cmd.c.obj
                0x000000001f80a598                iRficCtrlFemSwitch
 .text.xRficProcessSetBand
                0x000000001f80a628       0x7c CMakeFiles/la9310.dir/drivers/rfic/rfic_cmd.c.obj
                0x000000001f80a628                xRficProcessSetBand
 .text.xRficProcessAdjustPllFreq
                0x000000001f80a6a4       0x80 CMakeFiles/la9310.dir/drivers/rfic/rfic_cmd.c.obj
                0x000000001f80a6a4                xRficProcessAdjustPllFreq
 .text.xRficProcessCtrlLna
                0x000000001f80a724       0x88 CMakeFiles/la9310.dir/drivers/rfic/rfic_cmd.c.obj
                0x000000001f80a724                xRficProcessCtrlLna
 .text.xRficProcessReadReg
                0x000000001f80a7ac       0xa4 CMakeFiles/la9310.dir/drivers/rfic/rfic_cmd.c.obj
                0x000000001f80a7ac                xRficProcessReadReg
 .text.xRficProcessWriteReg
                0x000000001f80a850       0xa4 CMakeFiles/la9310.dir/drivers/rfic/rfic_cmd.c.obj
                0x000000001f80a850                xRficProcessWriteReg
 .text.vRficProcessIqDump
                0x000000001f80a8f4       0x64 CMakeFiles/la9310.dir/drivers/rfic/rfic_cmd.c.obj
                0x000000001f80a8f4                vRficProcessIqDump
 .text.vRficProcessSingleToneTX
                0x000000001f80a958       0x6c CMakeFiles/la9310.dir/drivers/rfic/rfic_cmd.c.obj
                0x000000001f80a958                vRficProcessSingleToneTX
 .text.vRficProcessLoopback
                0x000000001f80a9c4       0x54 CMakeFiles/la9310.dir/drivers/rfic/rfic_cmd.c.obj
                0x000000001f80a9c4                vRficProcessLoopback
 .text.xRficProcessCtrlDemodGain
                0x000000001f80aa18       0x60 CMakeFiles/la9310.dir/drivers/rfic/rfic_cmd.c.obj
                0x000000001f80aa18                xRficProcessCtrlDemodGain
 .text.xRficProcessCtrlVgaGain
                0x000000001f80aa78       0x34 CMakeFiles/la9310.dir/drivers/rfic/rfic_cmd.c.obj
                0x000000001f80aa78                xRficProcessCtrlVgaGain
 .text.xRficProcessFastCalib
                0x000000001f80aaac        0x4 CMakeFiles/la9310.dir/drivers/rfic/rfic_cmd.c.obj
                0x000000001f80aaac                xRficProcessFastCalib
 .text.prvDacWriteUpdate
                0x000000001f80aab0       0x4c CMakeFiles/la9310.dir/drivers/rfic/rfic_dac.c.obj
                0x000000001f80aab0                prvDacWriteUpdate
 .text.roundf   0x000000001f80aafc       0x4c /home/deepika/Tools_controller/gcc-arm-none-eabi-6-2017-q2-update/bin/../lib/gcc/arm-none-eabi/6.3.1/../../../../arm-none-eabi/lib/thumb/v7e-m/libm.a(lib_a-sf_round.o)
                0x000000001f80aafc                roundf
 .text.atan2    0x000000001f80ab48        0x4 /home/deepika/Tools_controller/gcc-arm-none-eabi-6-2017-q2-update/bin/../lib/gcc/arm-none-eabi/6.3.1/../../../../arm-none-eabi/lib/thumb/v7e-m/libm.a(lib_a-w_atan2.o)
                0x000000001f80ab48                atan2
 *fill*         0x000000001f80ab4c        0x4 
 .text.__ieee754_atan2
                0x000000001f80ab50      0x1d4 /home/deepika/Tools_controller/gcc-arm-none-eabi-6-2017-q2-update/bin/../lib/gcc/arm-none-eabi/6.3.1/../../../../arm-none-eabi/lib/thumb/v7e-m/libm.a(lib_a-e_atan2.o)
                0x000000001f80ab50                __ieee754_atan2
 *fill*         0x000000001f80ad24        0x4 
 .text.atan     0x000000001f80ad28      0x344 /home/deepika/Tools_controller/gcc-arm-none-eabi-6-2017-q2-update/bin/../lib/gcc/arm-none-eabi/6.3.1/../../../../arm-none-eabi/lib/thumb/v7e-m/libm.a(lib_a-s_atan.o)
                0x000000001f80ad28                atan
 .text.fabs     0x000000001f80b06c        0x8 /home/deepika/Tools_controller/gcc-arm-none-eabi-6-2017-q2-update/bin/../lib/gcc/arm-none-eabi/6.3.1/../../../../arm-none-eabi/lib/thumb/v7e-m/libm.a(lib_a-s_fabs.o)
                0x000000001f80b06c                fabs
 .text.__errno  0x000000001f80b074        0xc /home/deepika/Tools_controller/gcc-arm-none-eabi-6-2017-q2-update/bin/../lib/gcc/arm-none-eabi/6.3.1/../../../../arm-none-eabi/lib/thumb/v7e-m/libc_nano.a(lib_a-errno.o)
                0x000000001f80b074                __errno
 .text.exit     0x000000001f80b080       0x28 /home/deepika/Tools_controller/gcc-arm-none-eabi-6-2017-q2-update/bin/../lib/gcc/arm-none-eabi/6.3.1/../../../../arm-none-eabi/lib/thumb/v7e-m/libc_nano.a(lib_a-exit.o)
                0x000000001f80b080                exit
 .text.__libc_init_array
                0x000000001f80b0a8       0x48 /home/deepika/Tools_controller/gcc-arm-none-eabi-6-2017-q2-update/bin/../lib/gcc/arm-none-eabi/6.3.1/../../../../arm-none-eabi/lib/thumb/v7e-m/libc_nano.a(lib_a-init.o)
                0x000000001f80b0a8                __libc_init_array
 .text.memcmp   0x000000001f80b0f0       0x1e /home/deepika/Tools_controller/gcc-arm-none-eabi-6-2017-q2-update/bin/../lib/gcc/arm-none-eabi/6.3.1/../../../../arm-none-eabi/lib/thumb/v7e-m/libc_nano.a(lib_a-memcmp.o)
                0x000000001f80b0f0                memcmp
 .text.memcpy   0x000000001f80b10e       0x16 /home/deepika/Tools_controller/gcc-arm-none-eabi-6-2017-q2-update/bin/../lib/gcc/arm-none-eabi/6.3.1/../../../../arm-none-eabi/lib/thumb/v7e-m/libc_nano.a(lib_a-memcpy-stub.o)
                0x000000001f80b10e                memcpy
 .text.memset   0x000000001f80b124       0x10 /home/deepika/Tools_controller/gcc-arm-none-eabi-6-2017-q2-update/bin/../lib/gcc/arm-none-eabi/6.3.1/../../../../arm-none-eabi/lib/thumb/v7e-m/libc_nano.a(lib_a-memset.o)
                0x000000001f80b124                memset
 .text.sprintf  0x000000001f80b134       0x48 /home/deepika/Tools_controller/gcc-arm-none-eabi-6-2017-q2-update/bin/../lib/gcc/arm-none-eabi/6.3.1/../../../../arm-none-eabi/lib/thumb/v7e-m/libc_nano.a(lib_a-sprintf.o)
                0x000000001f80b134                sprintf
                0x000000001f80b134                siprintf
 .text.strcpy   0x000000001f80b17c       0x10 /home/deepika/Tools_controller/gcc-arm-none-eabi-6-2017-q2-update/bin/../lib/gcc/arm-none-eabi/6.3.1/../../../../arm-none-eabi/lib/thumb/v7e-m/libc_nano.a(lib_a-strcpy.o)
                0x000000001f80b17c                strcpy
 .text.strncat  0x000000001f80b18c       0x28 /home/deepika/Tools_controller/gcc-arm-none-eabi-6-2017-q2-update/bin/../lib/gcc/arm-none-eabi/6.3.1/../../../../arm-none-eabi/lib/thumb/v7e-m/libc_nano.a(lib_a-strncat.o)
                0x000000001f80b18c                strncat
 .text.strncmp  0x000000001f80b1b4       0x24 /home/deepika/Tools_controller/gcc-arm-none-eabi-6-2017-q2-update/bin/../lib/gcc/arm-none-eabi/6.3.1/../../../../arm-none-eabi/lib/thumb/v7e-m/libc_nano.a(lib_a-strncmp.o)
                0x000000001f80b1b4                strncmp
 .text.strncpy  0x000000001f80b1d8       0x2a /home/deepika/Tools_controller/gcc-arm-none-eabi-6-2017-q2-update/bin/../lib/gcc/arm-none-eabi/6.3.1/../../../../arm-none-eabi/lib/thumb/v7e-m/libc_nano.a(lib_a-strncpy.o)
                0x000000001f80b1d8                strncpy
 .text._strtoul_l.isra.0
                0x000000001f80b202       0xfa /home/deepika/Tools_controller/gcc-arm-none-eabi-6-2017-q2-update/bin/../lib/gcc/arm-none-eabi/6.3.1/../../../../arm-none-eabi/lib/thumb/v7e-m/libc_nano.a(lib_a-strtoul.o)
 .text.strtoul  0x000000001f80b2fc       0x2c /home/deepika/Tools_controller/gcc-arm-none-eabi-6-2017-q2-update/bin/../lib/gcc/arm-none-eabi/6.3.1/../../../../arm-none-eabi/lib/thumb/v7e-m/libc_nano.a(lib_a-strtoul.o)
                0x000000001f80b2fc                strtoul
 .text.__locale_ctype_ptr_l
                0x000000001f80b328        0x6 /home/deepika/Tools_controller/gcc-arm-none-eabi-6-2017-q2-update/bin/../lib/gcc/arm-none-eabi/6.3.1/../../../../arm-none-eabi/lib/thumb/v7e-m/libc_nano.a(lib_a-locale.o)
                0x000000001f80b328                __locale_ctype_ptr_l
 .text.__ascii_mbtowc
                0x000000001f80b32e       0x24 /home/deepika/Tools_controller/gcc-arm-none-eabi-6-2017-q2-update/bin/../lib/gcc/arm-none-eabi/6.3.1/../../../../arm-none-eabi/lib/thumb/v7e-m/libc_nano.a(lib_a-mbtowc_r.o)
                0x000000001f80b32e                __ascii_mbtowc
 .text.__ssputs_r
                0x000000001f80b352       0xb6 /home/deepika/Tools_controller/gcc-arm-none-eabi-6-2017-q2-update/bin/../lib/gcc/arm-none-eabi/6.3.1/../../../../arm-none-eabi/lib/thumb/v7e-m/libc_nano.a(lib_a-nano-svfprintf.o)
                0x000000001f80b352                __ssputs_r
 .text._svfprintf_r
                0x000000001f80b408      0x1e8 /home/deepika/Tools_controller/gcc-arm-none-eabi-6-2017-q2-update/bin/../lib/gcc/arm-none-eabi/6.3.1/../../../../arm-none-eabi/lib/thumb/v7e-m/libc_nano.a(lib_a-nano-svfprintf.o)
                0x000000001f80b408                _svfprintf_r
                0x000000001f80b408                _svfiprintf_r
 .text._printf_common
                0x000000001f80b5f0       0xec /home/deepika/Tools_controller/gcc-arm-none-eabi-6-2017-q2-update/bin/../lib/gcc/arm-none-eabi/6.3.1/../../../../arm-none-eabi/lib/thumb/v7e-m/libc_nano.a(lib_a-nano-vfprintf_i.o)
                0x000000001f80b5f0                _printf_common
 .text._printf_i
                0x000000001f80b6dc      0x240 /home/deepika/Tools_controller/gcc-arm-none-eabi-6-2017-q2-update/bin/../lib/gcc/arm-none-eabi/6.3.1/../../../../arm-none-eabi/lib/thumb/v7e-m/libc_nano.a(lib_a-nano-vfprintf_i.o)
                0x000000001f80b6dc                _printf_i
 .text.__ascii_wctomb
                0x000000001f80b91c       0x1a /home/deepika/Tools_controller/gcc-arm-none-eabi-6-2017-q2-update/bin/../lib/gcc/arm-none-eabi/6.3.1/../../../../arm-none-eabi/lib/thumb/v7e-m/libc_nano.a(lib_a-wctomb_r.o)
                0x000000001f80b91c                __ascii_wctomb
 .text.memmove  0x000000001f80b936       0x34 /home/deepika/Tools_controller/gcc-arm-none-eabi-6-2017-q2-update/bin/../lib/gcc/arm-none-eabi/6.3.1/../../../../arm-none-eabi/lib/thumb/v7e-m/libc_nano.a(lib_a-memmove.o)
                0x000000001f80b936                memmove
 *fill*         0x000000001f80b96a        0x2 
 .text._free_r  0x000000001f80b96c       0x9c /home/deepika/Tools_controller/gcc-arm-none-eabi-6-2017-q2-update/bin/../lib/gcc/arm-none-eabi/6.3.1/../../../../arm-none-eabi/lib/thumb/v7e-m/libc_nano.a(lib_a-nano-freer.o)
                0x000000001f80b96c                _free_r
 .text._malloc_r
                0x000000001f80ba08       0xbc /home/deepika/Tools_controller/gcc-arm-none-eabi-6-2017-q2-update/bin/../lib/gcc/arm-none-eabi/6.3.1/../../../../arm-none-eabi/lib/thumb/v7e-m/libc_nano.a(lib_a-nano-mallocr.o)
                0x000000001f80ba08                _malloc_r
 .text._realloc_r
                0x000000001f80bac4       0x4c /home/deepika/Tools_controller/gcc-arm-none-eabi-6-2017-q2-update/bin/../lib/gcc/arm-none-eabi/6.3.1/../../../../arm-none-eabi/lib/thumb/v7e-m/libc_nano.a(lib_a-nano-reallocr.o)
                0x000000001f80bac4                _realloc_r
 .text._sbrk_r  0x000000001f80bb10       0x20 /home/deepika/Tools_controller/gcc-arm-none-eabi-6-2017-q2-update/bin/../lib/gcc/arm-none-eabi/6.3.1/../../../../arm-none-eabi/lib/thumb/v7e-m/libc_nano.a(lib_a-sbrkr.o)
                0x000000001f80bb10                _sbrk_r
 .text.__malloc_lock
                0x000000001f80bb30        0x2 /home/deepika/Tools_controller/gcc-arm-none-eabi-6-2017-q2-update/bin/../lib/gcc/arm-none-eabi/6.3.1/../../../../arm-none-eabi/lib/thumb/v7e-m/libc_nano.a(lib_a-mlock.o)
                0x000000001f80bb30                __malloc_lock
 .text.__malloc_unlock
                0x000000001f80bb32        0x2 /home/deepika/Tools_controller/gcc-arm-none-eabi-6-2017-q2-update/bin/../lib/gcc/arm-none-eabi/6.3.1/../../../../arm-none-eabi/lib/thumb/v7e-m/libc_nano.a(lib_a-mlock.o)
                0x000000001f80bb32                __malloc_unlock
 .text._malloc_usable_size_r
                0x000000001f80bb34       0x12 /home/deepika/Tools_controller/gcc-arm-none-eabi-6-2017-q2-update/bin/../lib/gcc/arm-none-eabi/6.3.1/../../../../arm-none-eabi/lib/thumb/v7e-m/libc_nano.a(lib_a-nano-msizer.o)
                0x000000001f80bb34                _malloc_usable_size_r
 *fill*         0x000000001f80bb46        0x2 
 .text._sbrk    0x000000001f80bb48       0x1c /home/deepika/Tools_controller/gcc-arm-none-eabi-6-2017-q2-update/bin/../lib/gcc/arm-none-eabi/6.3.1/../../../../arm-none-eabi/lib/thumb/v7e-m/libnosys.a(sbrk.o)
                0x000000001f80bb48                _sbrk
 .text._exit    0x000000001f80bb64        0x4 /home/deepika/Tools_controller/gcc-arm-none-eabi-6-2017-q2-update/bin/../lib/gcc/arm-none-eabi/6.3.1/../../../../arm-none-eabi/lib/thumb/v7e-m/libnosys.a(_exit.o)
                0x000000001f80bb64                _exit
 *(.rodata)
 .rodata        0x000000001f80bb68       0x50 CMakeFiles/la9310.dir/drivers/dspi/fsl_dspi.c.obj
 .rodata        0x000000001f80bbb8       0x10 CMakeFiles/la9310.dir/drivers/timesync/sync_timing_device.c.obj
 *(.rodata*)
 .rodata.vTaskStartScheduler.str1.1
                0x000000001f80bbc8        0x5 CMakeFiles/la9310.dir/home/deepika/21_sept_macro_changes/PS_NLM_5G_LAT/nlm_controller/Source/tasks.c.obj
 .rodata.prvCheckForValidListAndQueue.str1.1
                0x000000001f80bbcd        0x5 CMakeFiles/la9310.dir/home/deepika/21_sept_macro_changes/PS_NLM_5G_LAT/nlm_controller/Source/timers.c.obj
 .rodata.xTimerCreateTimerTask.str1.1
                0x000000001f80bbd2        0x8 CMakeFiles/la9310.dir/home/deepika/21_sept_macro_changes/PS_NLM_5G_LAT/nlm_controller/Source/timers.c.obj
 .rodata.__func__.6405
                0x000000001f80bbda       0x12 CMakeFiles/la9310.dir/drivers/edma/la9310_edma.c.obj
 .rodata.pEdmaAllocChannel.str1.1
                0x000000001f80bbec       0x15 CMakeFiles/la9310.dir/drivers/edma/la9310_edma.c.obj
 .rodata.La9310WDOG_IRQHandler.str1.1
                0x000000001f80bc01       0x17 CMakeFiles/la9310.dir/drivers/watchdog/la9310_watchdog.c.obj
 .rodata.__func__.6424
                0x000000001f80bc18       0x16 CMakeFiles/la9310.dir/drivers/watchdog/la9310_watchdog.c.obj
 .rodata.vAnalyzeFault.str1.1
                0x000000001f80bc2e      0x4d7 CMakeFiles/la9310.dir/platform/ARM_CM4/exceptions.c.obj
 .rodata.__func__.6375
                0x000000001f80c105       0x15 CMakeFiles/la9310.dir/platform/boards/la9310/hardware_init.c.obj
 .rodata.vLa9310_do_handshake.str1.1
                0x000000001f80c11a       0xa1 CMakeFiles/la9310.dir/platform/boards/la9310/hardware_init.c.obj
 .rodata.__func__.6861
                0x000000001f80c1bb       0x10 CMakeFiles/la9310.dir/main.c.obj
 .rodata.__func__.6881
                0x000000001f80c1cb       0x12 CMakeFiles/la9310.dir/main.c.obj
 .rodata.__func__.6896
                0x000000001f80c1dd       0x14 CMakeFiles/la9310.dir/main.c.obj
 .rodata.__func__.6914
                0x000000001f80c1f1        0xa CMakeFiles/la9310.dir/main.c.obj
 .rodata.__func__.6944
                0x000000001f80c1fb        0x5 CMakeFiles/la9310.dir/main.c.obj
 .rodata.iI2cBoot.str1.1
                0x000000001f80c200       0x3b CMakeFiles/la9310.dir/main.c.obj
 .rodata.iLa9310HostPostInit.str1.1
                0x000000001f80c23b       0x15 CMakeFiles/la9310.dir/main.c.obj
 .rodata.iPcieBoot.str1.1
                0x000000001f80c250      0x1a1 CMakeFiles/la9310.dir/main.c.obj
 .rodata.main.str1.1
                0x000000001f80c3f1      0x13f CMakeFiles/la9310.dir/main.c.obj
 .rodata.v_main_Hif_Init.str1.1
                0x000000001f80c530       0x1c CMakeFiles/la9310.dir/main.c.obj
 .rodata.__func__.7022
                0x000000001f80c54c       0x15 CMakeFiles/la9310.dir/cmd_ctrl_vspa_intfce.c.obj
 .rodata.sendCliCommandToVspa.str1.1
                0x000000001f80c561       0xd9 CMakeFiles/la9310.dir/cmd_ctrl_vspa_intfce.c.obj
 .rodata.sendMboxtoVSPA.str1.1
                0x000000001f80c63a       0x28 CMakeFiles/la9310.dir/cmd_ctrl_vspa_intfce.c.obj
 .rodata.__func__.6383
                0x000000001f80c662        0xc CMakeFiles/la9310.dir/nmm_avi.c.obj
 .rodata.__func__.6403
                0x000000001f80c66e        0xf CMakeFiles/la9310.dir/nmm_avi.c.obj
 .rodata.vNMMMbxReceive.str1.1
                0x000000001f80c67d       0x29 CMakeFiles/la9310.dir/nmm_avi.c.obj
 .rodata.vNMMMbxSend.str1.1
                0x000000001f80c6a6       0x1b CMakeFiles/la9310.dir/nmm_avi.c.obj
 *fill*         0x000000001f80c6c1        0x3 
 .rodata.CSWTCH.72
                0x000000001f80c6c4       0x1c CMakeFiles/la9310.dir/nmm_app.c.obj
 .rodata.__func__.7503
                0x000000001f80c6e0        0xe CMakeFiles/la9310.dir/nmm_app.c.obj
 .rodata.__func__.7521
                0x000000001f80c6ee        0xf CMakeFiles/la9310.dir/nmm_app.c.obj
 .rodata.__func__.7544
                0x000000001f80c6fd        0xd CMakeFiles/la9310.dir/nmm_app.c.obj
 .rodata.__func__.7555
                0x000000001f80c70a        0xc CMakeFiles/la9310.dir/nmm_app.c.obj
 .rodata.__func__.7573
                0x000000001f80c716        0xb CMakeFiles/la9310.dir/nmm_app.c.obj
 .rodata.__func__.7578
                0x000000001f80c721       0x10 CMakeFiles/la9310.dir/nmm_app.c.obj
 .rodata.__func__.7590
                0x000000001f80c731        0xc CMakeFiles/la9310.dir/nmm_app.c.obj
 .rodata.__func__.7601
                0x000000001f80c73d        0xc CMakeFiles/la9310.dir/nmm_app.c.obj
 .rodata.__func__.7609
                0x000000001f80c749        0xb CMakeFiles/la9310.dir/nmm_app.c.obj
 .rodata.__func__.7619
                0x000000001f80c754        0xc CMakeFiles/la9310.dir/nmm_app.c.obj
 .rodata.__func__.7638
                0x000000001f80c760       0x12 CMakeFiles/la9310.dir/nmm_app.c.obj
 .rodata.__func__.7648
                0x000000001f80c772        0xf CMakeFiles/la9310.dir/nmm_app.c.obj
 .rodata.__func__.7660
                0x000000001f80c781        0xf CMakeFiles/la9310.dir/nmm_app.c.obj
 .rodata.__func__.7681
                0x000000001f80c790       0x10 CMakeFiles/la9310.dir/nmm_app.c.obj
 .rodata.__func__.7765
                0x000000001f80c7a0       0x11 CMakeFiles/la9310.dir/nmm_app.c.obj
 .rodata.__func__.7773
                0x000000001f80c7b1       0x12 CMakeFiles/la9310.dir/nmm_app.c.obj
 .rodata.__func__.7783
                0x000000001f80c7c3       0x10 CMakeFiles/la9310.dir/nmm_app.c.obj
 .rodata.__func__.7793
                0x000000001f80c7d3       0x10 CMakeFiles/la9310.dir/nmm_app.c.obj
 .rodata.__func__.7802
                0x000000001f80c7e3        0xa CMakeFiles/la9310.dir/nmm_app.c.obj
 .rodata.__func__.7812
                0x000000001f80c7ed        0x9 CMakeFiles/la9310.dir/nmm_app.c.obj
 .rodata.__func__.7822
                0x000000001f80c7f6        0x9 CMakeFiles/la9310.dir/nmm_app.c.obj
 .rodata.__func__.7834
                0x000000001f80c7ff       0x10 CMakeFiles/la9310.dir/nmm_app.c.obj
 .rodata.__func__.7844
                0x000000001f80c80f        0xc CMakeFiles/la9310.dir/nmm_app.c.obj
 .rodata.__func__.7851
                0x000000001f80c81b        0xb CMakeFiles/la9310.dir/nmm_app.c.obj
 .rodata.__func__.7860
                0x000000001f80c826        0xe CMakeFiles/la9310.dir/nmm_app.c.obj
 .rodata.__func__.7888
                0x000000001f80c834       0x11 CMakeFiles/la9310.dir/nmm_app.c.obj
 .rodata.__func__.7897
                0x000000001f80c845        0x8 CMakeFiles/la9310.dir/nmm_app.c.obj
 .rodata.__func__.7928
                0x000000001f80c84d        0xa CMakeFiles/la9310.dir/nmm_app.c.obj
 .rodata.__func__.7960
                0x000000001f80c857       0x10 CMakeFiles/la9310.dir/nmm_app.c.obj
 .rodata.nmm_do_hexdump.constprop.12.str1.1
                0x000000001f80c867       0x1d CMakeFiles/la9310.dir/nmm_app.c.obj
                                         0x20 (size before relaxing)
 .rodata.prvCalRadio.str1.1
                0x000000001f80c884       0x4d CMakeFiles/la9310.dir/nmm_app.c.obj
 .rodata.prvCopyVSPAMem.str1.1
                0x000000001f80c8d1       0xd9 CMakeFiles/la9310.dir/nmm_app.c.obj
 .rodata.prvDisableIntTest.str1.1
                0x000000001f80c9aa       0x21 CMakeFiles/la9310.dir/nmm_app.c.obj
 .rodata.prvDoCellFollow.str1.1
                0x000000001f80c9cb       0x47 CMakeFiles/la9310.dir/nmm_app.c.obj
 .rodata.prvDoCellFollowCellSearch.str1.1
                0x000000001f80ca12       0x80 CMakeFiles/la9310.dir/nmm_app.c.obj
 .rodata.prvDoCellSearch.str1.1
                0x000000001f80ca92       0x2c CMakeFiles/la9310.dir/nmm_app.c.obj
 .rodata.prvDoDLDump.str1.1
                0x000000001f80cabe       0x1a CMakeFiles/la9310.dir/nmm_app.c.obj
 .rodata.prvDoDecCapture.str1.1
                0x000000001f80cad8       0x33 CMakeFiles/la9310.dir/nmm_app.c.obj
 .rodata.prvDoFillMemCustom.str1.1
                0x000000001f80cb0b       0x5f CMakeFiles/la9310.dir/nmm_app.c.obj
 .rodata.prvDoIPCReset.str1.1
                0x000000001f80cb6a       0x5f CMakeFiles/la9310.dir/nmm_app.c.obj
 .rodata.prvDoMIB.str1.1
                0x000000001f80cbc9       0x31 CMakeFiles/la9310.dir/nmm_app.c.obj
 .rodata.prvDoMemInit.str1.1
                0x000000001f80cbfa       0x2d CMakeFiles/la9310.dir/nmm_app.c.obj
 .rodata.prvDoReset.str1.1
                0x000000001f80cc27       0x1b CMakeFiles/la9310.dir/nmm_app.c.obj
 .rodata.prvDoSIB.str1.1
                0x000000001f80cc42       0x2d CMakeFiles/la9310.dir/nmm_app.c.obj
 .rodata.prvDoStop.str1.1
                0x000000001f80cc6f       0x18 CMakeFiles/la9310.dir/nmm_app.c.obj
 .rodata.prvDoTimeUpdate.str1.1
                0x000000001f80cc87       0x5d CMakeFiles/la9310.dir/nmm_app.c.obj
 .rodata.prvDoTrackingUpdate.str1.1
                0x000000001f80cce4       0xc2 CMakeFiles/la9310.dir/nmm_app.c.obj
 .rodata.prvEnableIntTest.str1.1
                0x000000001f80cda6       0x39 CMakeFiles/la9310.dir/nmm_app.c.obj
 .rodata.prvSendMsgToHost.str1.1
                0x000000001f80cddf       0x62 CMakeFiles/la9310.dir/nmm_app.c.obj
 .rodata.prvSendVspaCmd.str1.1
                0x000000001f80ce41       0x4b CMakeFiles/la9310.dir/nmm_app.c.obj
 .rodata.prvSetRadio.str1.1
                0x000000001f80ce8c       0xe4 CMakeFiles/la9310.dir/nmm_app.c.obj
 .rodata.prvSetVCXO.str1.1
                0x000000001f80cf70       0x2f CMakeFiles/la9310.dir/nmm_app.c.obj
 .rodata.prvStartVspaTimer.str1.1
                0x000000001f80cf9f       0x25 CMakeFiles/la9310.dir/nmm_app.c.obj
 .rodata.prvVspaDone.str1.1
                0x000000001f80cfc4       0x7d CMakeFiles/la9310.dir/nmm_app.c.obj
                                         0x92 (size before relaxing)
 .rodata.str1.1
                0x000000001f80d041       0x49 CMakeFiles/la9310.dir/nmm_app.c.obj
                                         0x54 (size before relaxing)
 .rodata.vBBDEVSetup.str1.1
                0x000000001f80d08a       0x45 CMakeFiles/la9310.dir/nmm_app.c.obj
 .rodata.vConfigRficOnce.str1.1
                0x000000001f80d0cf       0x90 CMakeFiles/la9310.dir/nmm_app.c.obj
 .rodata.vRxLoop.str1.1
                0x000000001f80d15f      0x106 CMakeFiles/la9310.dir/nmm_app.c.obj
                                        0x120 (size before relaxing)
 .rodata.vVSPALoop.str1.1
                0x000000001f80d265       0xb2 CMakeFiles/la9310.dir/nmm_app.c.obj
 *fill*         0x000000001f80d317        0x1 
 .rodata.xFnArray
                0x000000001f80d318       0x44 CMakeFiles/la9310.dir/nmm_app.c.obj
 .rodata.La9310MSG_3_IRQHandler.str1.1
                0x000000001f80d35c        0xf CMakeFiles/la9310.dir/la9310_irq.c.obj
 .rodata.__func__.6415
                0x000000001f80d36b       0x17 CMakeFiles/la9310.dir/la9310_irq.c.obj
 .rodata.__func__.6445
                0x000000001f80d382       0x14 CMakeFiles/la9310.dir/la9310_irq.c.obj
 .rodata.__func__.6469
                0x000000001f80d396       0x13 CMakeFiles/la9310.dir/la9310_irq.c.obj
 .rodata.__func__.6485
                0x000000001f80d3a9        0xf CMakeFiles/la9310.dir/la9310_irq.c.obj
 .rodata.iLa9310IRQInit.str1.1
                0x000000001f80d3b8       0x7d CMakeFiles/la9310.dir/la9310_irq.c.obj
 .rodata.iLa9310RaiseIrqEvt.str1.1
                0x000000001f80d435       0x50 CMakeFiles/la9310.dir/la9310_irq.c.obj
 .rodata.iLa9310RegisterEvt.str1.1
                0x000000001f80d485      0x111 CMakeFiles/la9310.dir/la9310_irq.c.obj
 .rodata.vRaiseMsi.str1.1
                0x000000001f80d596       0x27 CMakeFiles/la9310.dir/la9310_irq.c.obj
 .rodata.bbdev_ipc_init.str1.1
                0x000000001f80d5bd       0x15 CMakeFiles/la9310.dir/drivers/misc/bbdev_ipc.c.obj
 .rodata.bbdev_ipc_queue_configure.str1.1
                0x000000001f80d5d2       0x4d CMakeFiles/la9310.dir/drivers/misc/bbdev_ipc.c.obj
 .rodata.AviHndleMboxInterrupt.str1.1
                0x000000001f80d61f      0x109 CMakeFiles/la9310.dir/drivers/avi/la9310_avi.c.obj
 .rodata.La9310VSPA_IRQRelayHandler.str1.1
                0x000000001f80d728       0x65 CMakeFiles/la9310.dir/drivers/avi/la9310_avi.c.obj
 .rodata.__func__.6665
                0x000000001f80d78d       0x1d CMakeFiles/la9310.dir/drivers/avi/la9310_avi.c.obj
 .rodata.__func__.6690
                0x000000001f80d7aa       0x1f CMakeFiles/la9310.dir/drivers/avi/la9310_avi.c.obj
 .rodata.__func__.6714
                0x000000001f80d7c9       0x16 CMakeFiles/la9310.dir/drivers/avi/la9310_avi.c.obj
 .rodata.__func__.6747
                0x000000001f80d7df       0x1b CMakeFiles/la9310.dir/drivers/avi/la9310_avi.c.obj
 .rodata.__func__.6781
                0x000000001f80d7fa        0xf CMakeFiles/la9310.dir/drivers/avi/la9310_avi.c.obj
 .rodata.iLa9310AviHostRecvMboxFromVspa.str1.1
                0x000000001f80d809       0x68 CMakeFiles/la9310.dir/drivers/avi/la9310_avi.c.obj
 .rodata.iLa9310AviHostSendMboxToVspa.str1.1
                0x000000001f80d871       0xca CMakeFiles/la9310.dir/drivers/avi/la9310_avi.c.obj
                                         0xdd (size before relaxing)
 .rodata.iLa9310AviInit.str1.1
                0x000000001f80d93b       0x7a CMakeFiles/la9310.dir/drivers/avi/la9310_avi.c.obj
 .rodata.iGpioInit.str1.1